18:17:09.381  logging to C:\Projects\h5e-lobby\logs\session-2026-08-12T18-17-09-366Z.log
18:17:09.382  serving this list:
[Servers]
RouterIP0=127.0.0.1
RouterPort0=40000
RouterLauncherPort0=40001
NATServerIP0=127.0.0.1
NATServerPort0=40010
CDKeyServerIP0=127.0.0.1
CDKeyServerPort0=40020
CDKeyServerLauncherPort0=40021
IRCIP0=127.0.0.1
IRCPort0=6667

18:17:09.383  http on 8080 — start the game with http_proxy=http://127.0.0.1:8080
18:17:09.383  tcp  Router on 40000
18:17:09.383  udp  Router on 40000
18:17:09.383  tcp  RouterLauncher on 40001
18:17:09.383  udp  RouterLauncher on 40001
18:17:09.383  tcp  NATServer on 40010
18:17:09.387  udp  NATServer on 40010
18:17:09.387  tcp  CDKeyServer on 40020
18:17:09.387  udp  CDKeyServer on 40020
18:17:09.387  tcp  CDKeyServerLauncher on 40021
18:17:09.387  udp  CDKeyServerLauncher on 40021
18:17:09.387  tcp  IRC on 6667
18:17:09.387  tcp  Proxy on 40030
18:17:09.387  tcp  ProxyLauncher on 40031
18:17:09.387  tcp  Lobby on 40040
18:17:19.011  HTTP GET /gsinit.php?dp=HEROES_29988429c481f219
18:17:19.011       user-agent: Mozilla/5.0 (Windows NT; Windows NT 10.0; ru-RU) WindowsPowerShell/5.1.26100.9168
18:17:19.011       host: 127.0.0.1:8080
18:17:19.011       connection: Keep-Alive
18:17:19.011  HTTP -> 239 bytes of servers ini
    0000  5b 53 65 72 76 65 72 73 5d 0d 0a 52 6f 75 74 65  [Servers]..Route
    0010  72 49 50 30 3d 31 32 37 2e 30 2e 30 2e 31 0d 0a  rIP0=127.0.0.1..
    0020  52 6f 75 74 65 72 50 6f 72 74 30 3d 34 30 30 30  RouterPort0=4000
    0030  30 0d 0a 52 6f 75 74 65 72 4c 61 75 6e 63 68 65  0..RouterLaunche
    0040  72 50 6f 72 74 30 3d 34 30 30 30 31 0d 0a 4e 41  rPort0=40001..NA
    0050  54 53 65 72 76 65 72 49 50 30 3d 31 32 37 2e 30  TServerIP0=127.0
    0060  2e 30 2e 31 0d 0a 4e 41 54 53 65 72 76 65 72 50  .0.1..NATServerP
    0070  6f 72 74 30 3d 34 30 30 31 30 0d 0a 43 44 4b 65  ort0=40010..CDKe
    0080  79 53 65 72 76 65 72 49 50 30 3d 31 32 37 2e 30  yServerIP0=127.0
    0090  2e 30 2e 31 0d 0a 43 44 4b 65 79 53 65 72 76 65  .0.1..CDKeyServe
    00a0  72 50 6f 72 74 30 3d 34 30 30 32 30 0d 0a 43 44  rPort0=40020..CD
    00b0  4b 65 79 53 65 72 76 65 72 4c 61 75 6e 63 68 65  KeyServerLaunche
    00c0  72 50 6f 72 74 30 3d 34 30 30 32 31 0d 0a 49 52  rPort0=40021..IR
    00d0  43 49 50 30 3d 31 32 37 2e 30 2e 30 2e 31 0d 0a  CIP0=127.0.0.1..
    00e0  49 52 43 50 6f 72 74 30 3d 36 36 36 37 0d 0a     IRCPort0=6667..
18:36:53.522  HTTP GET http://gsconnect.ubisoft.com/gsinit.php?dp=HEROES_29988429c481f219
18:36:53.523       host: gsconnect.ubisoft.com
18:36:53.523       pragma: no-cache
18:36:53.523       accept: */*
18:36:53.523       proxy-connection: Keep-Alive
18:36:53.523  HTTP -> 239 bytes of servers ini
    0000  5b 53 65 72 76 65 72 73 5d 0d 0a 52 6f 75 74 65  [Servers]..Route
    0010  72 49 50 30 3d 31 32 37 2e 30 2e 30 2e 31 0d 0a  rIP0=127.0.0.1..
    0020  52 6f 75 74 65 72 50 6f 72 74 30 3d 34 30 30 30  RouterPort0=4000
    0030  30 0d 0a 52 6f 75 74 65 72 4c 61 75 6e 63 68 65  0..RouterLaunche
    0040  72 50 6f 72 74 30 3d 34 30 30 30 31 0d 0a 4e 41  rPort0=40001..NA
    0050  54 53 65 72 76 65 72 49 50 30 3d 31 32 37 2e 30  TServerIP0=127.0
    0060  2e 30 2e 31 0d 0a 4e 41 54 53 65 72 76 65 72 50  .0.1..NATServerP
    0070  6f 72 74 30 3d 34 30 30 31 30 0d 0a 43 44 4b 65  ort0=40010..CDKe
    0080  79 53 65 72 76 65 72 49 50 30 3d 31 32 37 2e 30  yServerIP0=127.0
    0090  2e 30 2e 31 0d 0a 43 44 4b 65 79 53 65 72 76 65  .0.1..CDKeyServe
    00a0  72 50 6f 72 74 30 3d 34 30 30 32 30 0d 0a 43 44  rPort0=40020..CD
    00b0  4b 65 79 53 65 72 76 65 72 4c 61 75 6e 63 68 65  KeyServerLaunche
    00c0  72 50 6f 72 74 30 3d 34 30 30 32 31 0d 0a 49 52  rPort0=40021..IR
    00d0  43 49 50 30 3d 31 32 37 2e 30 2e 30 2e 31 0d 0a  CIP0=127.0.0.1..
    00e0  49 52 43 50 6f 72 74 30 3d 36 36 36 37 0d 0a     IRCPort0=6667..
18:36:53.589  UDP  NATServer:40010 <- 127.0.0.1:1024, 20 bytes
    0000  26 09 00 00 08 00 42 30 00 00 61 00 0a 00 01 00  &.....B0..a.....
    0010  0b c4 18 02                                      ....
18:36:53.590  NAT  SYN — opened, seed 0xc40b, signature 0x1
18:36:53.590  UDP  NATServer:40010 -> 127.0.0.1:1024, 20 bytes
    0000  81 09 01 00 08 00 46 30 00 00 00 00 0a 00 02 00  ......F0........
    0010  00 00 18 02                                      ....
18:36:53.592  TCP  #1 IRC:6667 <- ::ffff:127.0.0.1:61222 connected
18:36:53.592  TCP  #2 Router:40000 <- ::ffff:127.0.0.1:61223 connected
18:36:53.592  TCP  #2 Router:40000 <- 284 bytes
    0000  00 01 1c 00 db 82 fa 8b bf a4 97 9d a4 ac b5 bf  ................
    0010  ca d6 0b c1 89 c0 21 bb fe a3 96 9c a3 ab b4 be  ......!.........
    0020  c9 d5 00 e8 0c 2c 20 31 d7 e3 f7 99 a2 aa b3 bd  ....., 1........
    0030  c8 d4 28 4e c1 7b 1f 30 40 8f 94 9a a1 a9 b2 bc  ..(N.{.0@.......
    0040  c7 d3 be 94 b6 bb 1e 2f 3f 4e a3 9d a0 a8 b1 bb  ......./?N......
    0050  c6 d2 0e 5b b6 bd 50 2e 3e 4d 5b 99 9f a7 b0 ba  ...[..P.>M[.....
    0060  c5 d1 71 ec f3 4d 60 2d 3d 4c 5a 67 9e a6 af b9  ..q..M`-=LZg....
    0070  c4 d0 dd 7e b8 45 cf 2c 3c 4b 59 66 72 a5 ae b8  ...~.E.,<KYfr...
    0080  c3 cf dc 36 06 37 f3 2b 3b 4a 58 65 71 7c ad b7  ...6.7.+;JXeq|..
    0090  c2 ce db bf 0b 04 8c 2a 3a 49 57 64 70 7b 85 b6  .......*:IWdp{..
    00a0  c1 cd da fb fb d4 33 29 39 48 56 63 6f 7a 84 8d  ......3)9HVcoz..
    00b0  c0 cc d9 b5 8c 70 0f 28 38 47 55 62 6e 79 83 8c  .....p.(8GUbny..
    00c0  94 cb d8 03 cb f6 f4 27 37 46 54 61 6d 78 82 8b  .......'7FTamx..
    00d0  93 9a d7 55 98 a0 70 26 36 45 53 60 6c 77 81 8a  ...U..p&6ES`lw..
    00e0  92 99 d2 73 17 7b 25 35 44 52 5f 6b 76 80 89 91  ...s.{%5DR_kv...
    00f0  98 c3 cc 10 6f 24 34 43 51 5e 6a 75 7f 88 90 97  ....o$4CQ^ju....
    0100  9e e8 a4 23 33 42 50 5d 69 74 7e 87 8f 96 9c 93  ...#3BP]it~.....
    0110  22 32 41 4f 5c 68 73 7d 86 8e 95 9b              "2AO\hs}....
18:36:53.606  RTR  #2 KEY_EXCHANGE 1 — client key 512 bits, exponent 3; ours sent
18:36:53.607  TCP  #2 Router:40000 -> 284 bytes
    0000  00 01 1c 00 db 28 fa 8b bf a4 97 9d a4 ac b5 bf  .....(..........
    0010  ca d6 e7 05 d0 46 21 bb fe a3 96 9c a3 ab b4 be  .....F!.........
    0020  c9 d5 a9 8e 21 dd 20 31 d7 e3 f7 99 a2 aa b3 bd  ....!. 1........
    0030  c8 d4 e8 bb 11 46 1f 30 40 8f 94 9a a1 a9 b2 bc  .....F.0@.......
    0040  c7 d3 d5 49 a8 8f 1e 2f 3f 4e a3 9d a0 a8 b1 bb  ...I.../?N......
    0050  c6 d2 29 98 ba 50 ca 2e 3e 4d 5b 99 9f a7 b0 ba  ..)..P..>M[.....
    0060  c5 d1 7a dc a7 20 23 2d 3d 4c 5a 67 9e a6 af b9  ..z.. #-=LZg....
    0070  c4 d0 dd dd a4 d1 71 2c 3c 4b 59 66 72 a5 ae b8  ......q,<KYfr...
    0080  c3 cf dc 56 b8 ea 9f 2b 3b 4a 58 65 71 7c ad b7  ...V...+;JXeq|..
    0090  c2 ce db f2 be ca f0 2a 3a 49 57 64 70 7b 85 b6  .......*:IWdp{..
    00a0  c1 cd da cb 31 5e 19 29 39 48 56 63 6f 7a 84 8d  ....1^.)9HVcoz..
    00b0  c0 cc d9 64 db e5 b9 28 38 47 55 62 6e 79 83 8c  ...d...(8GUbny..
    00c0  94 cb d8 5b bb 85 46 27 37 46 54 61 6d 78 82 8b  ...[..F'7FTamx..
    00d0  93 9a d7 c5 a7 d2 af 26 36 45 53 60 6c 77 81 8a  .......&6ES`lw..
    00e0  92 99 de 35 7f 06 25 35 44 52 5f 6b 76 80 89 91  ...5..%5DR_kv...
    00f0  98 c3 8d ab de 24 34 43 51 5e 6a 75 7f 88 90 97  .....$4CQ^ju....
    0100  9e 97 a4 23 33 42 50 5d 69 74 7e 87 8f 96 9c 5c  ...#3BP]it~....\
    0110  22 32 41 4f 5c 68 73 7d 86 8e 95 9b              "2AO\hs}....
18:36:53.617  TCP  #2 Router:40000 <- 87 bytes
    0000  00 00 57 00 db 82 fa 8b bf a6 97 19 6b 35 fa b8  ..W.........k5..
    0010  fe a7 96 4f b9 11 85 23 d7 e3 95 0e f9 eb 7f 21  ...O...#.......!
    0020  d1 8f f6 63 72 fe ac 15 9c 26 93 9b 2d 3d e6 f0  ...cr....&..-=..
    0030  06 25 87 d8 b2 2f 9e 8a c8 8f 99 28 79 d1 04 e7  .%.../.....(y...
    0040  2d 32 33 71 5c 3c e7 0e ab c1 10 25 23 d7 22 28  -23q\<.....%#."(
    0050  9c 53 04 b4 fe 80 84                             .S.....
18:36:53.624  RTR  #2 KEY_EXCHANGE 2 — client session key 16 bytes; ours sent
18:36:53.624  TCP  #2 Router:40000 -> 87 bytes
    0000  00 00 57 00 db 28 fa 8b bf a6 97 c4 e6 67 d3 b8  ..W..(.......g..
    0010  fe a7 96 de 43 28 3a d1 d7 e3 95 27 46 1a 6c d4  ....C(:....'F.l.
    0020  2a 8f f6 d5 70 f0 c1 12 b8 07 93 07 60 2e c9 57  *...p.......`..W
    0030  26 ec 0b d8 91 63 d0 d8 19 c5 12 32 10 4e fd 98  &....c.....2.N..
    0040  55 f1 9c bd b5 7d 4e ad 21 f4 a4 2b ab e8 6d 6c  U....}N.!..+..ml
    0050  f3 31 1d 83 2c 5d 84                             .1..,].
18:36:53.625  UDP  NATServer:40010 <- 127.0.0.1:1024, 12 bytes
    0000  b9 cf 02 00 00 00 44 30 ff ff 00 00              ......D0....
18:36:53.625  NAT  ACK — nothing to answer
18:36:53.625  UDP  CDKeyServer:40020 <- 127.0.0.1:42500, 23 bytes
    0000  d3 00 00 00 12 b7 1f df b5 cc b3 a4 ea f4 fc f8  ................
    0010  0a 03 f1 71 d2 0b 00                             ...q...
18:36:53.626  KEY  CHALLENGE — answered yes
18:36:53.626  UDP  CDKeyServer:40020 -> 127.0.0.1:42500, 55 bytes
    0000  d3 00 00 00 32 b7 1f df b5 cc b3 a4 ea 66 52 c8  ....2........fR.
    0010  63 2f 12 c9 99 2e 55 89 46 07 0b 04 b3 fc 13 3f  c/....U.F......?
    0020  4e e1 87 9a bd a4 41 0a 7c 26 6a b6 1c ef fc 7c  N.....A.|&j....|
    0030  8d 3c c3 a6 42 2f 00                             .<..B/.
18:36:53.834  UDP  CDKeyServer:40020 <- 127.0.0.1:42500, 71 bytes
    0000  d3 00 00 00 42 3f cb 76 12 02 3f 17 85 f4 7f 1e  ....B?.v..?.....
    0010  06 71 0e 79 4e ec 9d 84 62 21 dd 3c 2c 7c 30 5c  .q.yN...b!.<,|0\
    0020  2e 43 cb 96 19 70 26 db d2 c8 23 d0 75 15 98 d1  .C...p&...#.u...
    0030  8f b6 33 d6 03 42 67 03 61 8b 05 41 4c 72 8a 77  ..3..Bg.a..ALr.w
    0040  7b f8 44 37 82 39 00                             {.D7.9.
18:36:53.835  KEY  AUTH — answered yes
18:36:53.835  UDP  CDKeyServer:40020 -> 127.0.0.1:42500, 55 bytes
    0000  d3 00 00 00 32 3f cb 76 12 02 3f 17 85 66 52 c8  ....2?.v..?..fR.
    0010  63 2f 12 c9 99 6b 40 df 31 12 fc b0 7a 70 c4 5c  c/...k@.1...zp.\
    0020  93 fb cf 2b 48 d0 ab db 19 7e 6b ab d9 09 6e 84  ...+H....~k...n.
    0030  8a 72 1b 29 95 2a 00                             .r.).*.
18:36:54.053  UDP  CDKeyServer:40020 <- 127.0.0.1:42500, 71 bytes
    0000  d3 00 00 00 42 66 4e e3 e2 df 79 65 b6 4c f2 7b  ....BfN...ye.L.{
    0010  7e 82 49 a4 21 da e0 52 0c e0 87 91 78 5c 93 c9  ~.I.!..R....x\..
    0020  86 0c bc 59 61 46 70 02 21 b2 64 a9 0a 1b 9d cc  ...YaFp.!.d.....
    0030  1e cc 1b 37 73 ca 4c ca c9 63 e6 7c b4 97 68 c5  ...7s.L..c.|..h.
    0040  f6 e3 ec 55 33 3d 00                             ...U3=.
18:36:54.054  KEY  VALIDATION — answered yes
18:36:54.054  UDP  CDKeyServer:40020 -> 127.0.0.1:42500, 55 bytes
    0000  d3 00 00 00 32 66 4e e3 e2 df 79 65 b6 a2 24 08  ....2fN...ye..$.
    0010  2a 83 b7 0e 9d 45 9b 8d 1d 1d d2 68 43 5c 19 2d  *....E.....hC\.-
    0020  af dc 39 83 d8 91 20 bb 4d 98 17 24 cf 72 8a 77  ..9... .M..$.r.w
    0030  7b f8 44 37 82 29 00                             {.D7.).
18:36:54.265  UDP  CDKeyServer:40020 <- 127.0.0.1:42500, 15 bytes
    0000  d3 00 00 00 0a 51 94 06 83 3d 6a a8 90 06 00     .....Q...=j....
18:36:54.265  KEY  CD-key keep-alive
18:36:55.133  TCP  #2 Router:40000 <- 56 bytes
    0000  00 00 38 80 66 41 a5 42 c4 dd 60 84 e6 5e f5 6a  ..8.fA.B..`..^.j
    0010  ed d5 f0 4b 79 ee fc 42 2b b0 01 5c df b1 c0 8f  ...Ky..B+..\....
    0020  97 0e 47 b0 ac 51 da d0 3b ec e0 f3 1f 02 51 5e  ..G..Q..;.....Q^
    0030  97 62 fe 39 e1 90 2d 00                          .b.9..-.
18:36:55.134  RTR  #2 LOGIN as "Senyaak" on the router, body opened with the key we sent
18:36:55.134  TCP  #2 Router:40000 -> 12 bytes
    0000  00 00 0c 00 26 14 eb 8b e8 8a 8c 8c              ....&.......
18:36:55.346  TCP  #2 Router:40000 <- 6 bytes
    0000  00 00 06 00 5d 41                                ....]A
18:36:55.346  RTR  #2 JOINWAITMODULE on the router — sent to 127.0.0.1:40001 (as 2130706433)
18:36:55.346  TCP  #2 Router:40000 -> 35 bytes
    0000  00 00 23 00 26 14 eb 8b d3 a3 a1 9d 8a 8c a3 a6  ..#.&...........
    0010  fe 3e 8c e3 a2 9b e0 d4 a4 a9 a4 f8 a0 aa 9f a4  .>..............
    0020  ac 9e a3                                         ...
18:36:55.452  TCP  #2 Router:40000 closed
18:36:58.140  TCP  #3 RouterLauncher:40001 <- ::ffff:127.0.0.1:49413 connected
18:36:58.140  TCP  #3 RouterLauncher:40001 <- 284 bytes
    0000  00 01 1c 00 db 82 fa 8b bf a4 97 9d a4 ac b5 bf  ................
    0010  ca d6 0b c1 89 c0 21 bb fe a3 96 9c a3 ab b4 be  ......!.........
    0020  c9 d5 00 e8 0c 2c 20 31 d7 e3 f7 99 a2 aa b3 bd  ....., 1........
    0030  c8 d4 28 4e c1 7b 1f 30 40 8f 94 9a a1 a9 b2 bc  ..(N.{.0@.......
    0040  c7 d3 be 94 b6 bb 1e 2f 3f 4e a3 9d a0 a8 b1 bb  ......./?N......
    0050  c6 d2 0e 5b b6 bd 50 2e 3e 4d 5b 99 9f a7 b0 ba  ...[..P.>M[.....
    0060  c5 d1 71 ec f3 4d 60 2d 3d 4c 5a 67 9e a6 af b9  ..q..M`-=LZg....
    0070  c4 d0 dd 7e b8 45 cf 2c 3c 4b 59 66 72 a5 ae b8  ...~.E.,<KYfr...
    0080  c3 cf dc 36 06 37 f3 2b 3b 4a 58 65 71 7c ad b7  ...6.7.+;JXeq|..
    0090  c2 ce db bf 0b 04 8c 2a 3a 49 57 64 70 7b 85 b6  .......*:IWdp{..
    00a0  c1 cd da fb fb d4 33 29 39 48 56 63 6f 7a 84 8d  ......3)9HVcoz..
    00b0  c0 cc d9 b5 8c 70 0f 28 38 47 55 62 6e 79 83 8c  .....p.(8GUbny..
    00c0  94 cb d8 03 cb f6 f4 27 37 46 54 61 6d 78 82 8b  .......'7FTamx..
    00d0  93 9a d7 55 98 a0 70 26 36 45 53 60 6c 77 81 8a  ...U..p&6ES`lw..
    00e0  92 99 d2 73 17 7b 25 35 44 52 5f 6b 76 80 89 91  ...s.{%5DR_kv...
    00f0  98 c3 cc 10 6f 24 34 43 51 5e 6a 75 7f 88 90 97  ....o$4CQ^ju....
    0100  9e e8 a4 23 33 42 50 5d 69 74 7e 87 8f 96 9c 93  ...#3BP]it~.....
    0110  22 32 41 4f 5c 68 73 7d 86 8e 95 9b              "2AO\hs}....
18:36:58.147  RTR  #3 KEY_EXCHANGE 1 — client key 512 bits, exponent 3; ours sent
18:36:58.147  TCP  #3 RouterLauncher:40001 -> 284 bytes
    0000  00 01 1c 00 db 28 fa 8b bf a4 97 9d a4 ac b5 bf  .....(..........
    0010  ca d6 dc 98 20 81 21 bb fe a3 96 9c a3 ab b4 be  .... .!.........
    0020  c9 d5 06 a5 29 06 20 31 d7 e3 f7 99 a2 aa b3 bd  ....). 1........
    0030  c8 d4 cf 30 45 ba 1f 30 40 8f 94 9a a1 a9 b2 bc  ...0E..0@.......
    0040  c7 d3 a4 68 82 03 1e 2f 3f 4e a3 9d a0 a8 b1 bb  ...h.../?N......
    0050  c6 d2 ba 53 0a ef 38 2e 3e 4d 5b 99 9f a7 b0 ba  ...S..8.>M[.....
    0060  c5 d1 3c ea 23 39 ea 2d 3d 4c 5a 67 9e a6 af b9  ..<.#9.-=LZg....
    0070  c4 d0 dd 7c 03 45 b4 2c 3c 4b 59 66 72 a5 ae b8  ...|.E.,<KYfr...
    0080  c3 cf dc 8a cf 8b 62 2b 3b 4a 58 65 71 7c ad b7  ......b+;JXeq|..
    0090  c2 ce db c7 10 38 a7 2a 3a 49 57 64 70 7b 85 b6  .....8.*:IWdp{..
    00a0  c1 cd da cb e7 0d 9c 29 39 48 56 63 6f 7a 84 8d  .......)9HVcoz..
    00b0  c0 cc d9 7e bd 2f a5 28 38 47 55 62 6e 79 83 8c  ...~./.(8GUbny..
    00c0  94 cb d8 13 de 41 79 27 37 46 54 61 6d 78 82 8b  .....Ay'7FTamx..
    00d0  93 9a d7 c3 95 b6 d2 26 36 45 53 60 6c 77 81 8a  .......&6ES`lw..
    00e0  92 99 91 82 b4 9d 25 35 44 52 5f 6b 76 80 89 91  ......%5DR_kv...
    00f0  98 c3 f6 72 1a 24 34 43 51 5e 6a 75 7f 88 90 97  ...r.$4CQ^ju....
    0100  9e 0e 03 23 33 42 50 5d 69 74 7e 87 8f 96 9c ae  ...#3BP]it~.....
    0110  22 32 41 4f 5c 68 73 7d 86 8e 95 9b              "2AO\hs}....
18:36:58.185  TCP  #3 RouterLauncher:40001 <- 102 bytes
    0000  00 00 57 00 db 82 fa 8b bf a6 97 93 5a b1 9b b8  ..W.........Z...
    0010  fe a7 96 f6 d6 cd ec 06 d7 e3 95 c3 85 a1 ce 14  ................
    0020  52 8f f6 3b 4d ce 53 71 34 bd 93 17 0d 19 f8 38  R..;M.Sq4......8
    0030  5e 90 5f d8 49 0c 69 0b 39 4f fd 11 bd 15 1f 74  ^._.I.i.9O.....t
    0040  17 7a 60 a0 63 09 74 25 0d 7f cf e1 f1 c1 5a 58  .z`.c.t%......ZX
    0050  61 5a a1 31 11 d5 84 00 00 0f 00 4d 41 fa ee ef  aZ.1.......MA...
    0060  d9 f4 fb e2 ee 91                                ......
18:36:58.186  RTR  #3 KEY_EXCHANGE 2 — client session key 16 bytes; ours sent
18:36:58.187  TCP  #3 RouterLauncher:40001 -> 87 bytes
    0000  00 00 57 00 db 28 fa 8b bf a6 97 9d 17 00 26 b8  ..W..(........&.
    0010  fe a7 96 57 63 f7 f4 af d7 e3 95 1b 11 aa af 20  ...Wc.......... 
    0020  3b 8f f6 d3 e2 64 c7 ef 4e bc 93 8c e4 32 d6 de  ;....d..N....2..
    0030  8d f7 30 d8 d1 01 25 b4 17 db 43 78 08 57 8f db  ..0...%...Cx.W..
    0040  0c c3 e9 71 e6 fe e1 77 00 69 88 69 43 2b 8c ec  ...q...w.i.iC+..
    0050  83 28 33 bf 09 6f 84                             .(3..o.
18:36:58.187  RTR  #3 LOGINWAITMODULE as "Senyaak" on the router — accepted
18:36:58.187  TCP  #3 RouterLauncher:40001 -> 12 bytes
    0000  00 00 0c 00 26 14 eb 8b c3 8a 8c 8c              ....&.......
18:36:58.511  TCP  #3 RouterLauncher:40001 <- 15 bytes
    0000  00 00 0f 00 13 41 fa ee ef d9 f4 fb e2 ee 91     .....A.........
18:36:58.511  RTR  #3 PLAYERINFO for "Senyaak"
18:36:58.511  TCP  #3 RouterLauncher:40001 -> 42 bytes
    0000  00 00 2a 00 26 14 eb 8b 9d f7 fc e4 8a 8c c2 f7  ..*.&...........
    0010  f2 d1 8c e3 f4 fe a1 d5 d4 ed c9 cb a5 a9 fd ea  ................
    0020  fe d7 db ab 98 ff a3 a7 d9 f1                    ..........
18:36:58.729  TCP  #3 RouterLauncher:40001 <- 33 bytes
    0000  00 00 21 00 cc 41 fa 8b fe fb e3 ee bb fe e2 f8  ..!..A..........
    0010  9c a2 d7 e2 f4 fa 91 ea e0 ee d3 e0 f8 9f fc ae  ................
    0020  fe                                               .
18:36:58.729  RTR  #3 PROXY_HANDLER — "persistantdata" is at 127.0.0.1:40030
18:36:58.730  TCP  #3 RouterLauncher:40001 -> 65 bytes
    0000  00 00 41 00 cc 14 fa b3 fd e1 fe f9 a4 ac b9 d6  ..A.............
    0010  ca e5 e8 93 9a 83 8c 90 e7 f5 d1 d9 85 ca be f1  ................
    0020  fb a1 f2 81 b8 8e e3 ed c1 f3 83 84 8e 9f eb eb  ................
    0030  a7 9e 85 8c 9c ff 96 9c 81 8b 9d d6 de 82 8e bf  ................
    0040  9e                                               .
18:36:58.838  TCP  #3 RouterLauncher:40001 <- 14 bytes
    0000  00 00 0e 00 cc 41 fa 8b bf b8 fe cd d7 8f        .....A........
18:36:58.839  RTR  #3 PROXY_HANDLER — module 1 released
18:36:58.839  TCP  #3 RouterLauncher:40001 -> 20 bytes
    0000  00 00 14 00 cc 14 fa b3 fd e1 b9 d6 ca c8 8c 90  ................
    0010  94 bd a2 cb                                      ....
18:37:01.239  TCP  #4 Proxy:40030 <- ::ffff:127.0.0.1:56028 connected
18:37:01.239  TCP  #4 Proxy:40030 <- 40 bytes
    0000  00 00 28 00 66 8b fa ee ef e1 d2 a4 d9 f4 91 d9  ..(.f...........
    0010  f9 c0 e2 fb c7 a8 98 97 ee d1 fb c3 c4 9e db c6  ................
    0020  aa 9d 9d cb fa 94 c6 aa                          ........
18:37:01.239  RTR  #4 LOGIN as "Senyaak" on the proxy
18:37:01.239  TCP  #4 Proxy:40030 -> 14 bytes
    0000  00 00 0e 00 26 b8 eb 8b e8 8a 8c cd 8c d4        ....&.........
18:37:01.454  TCP  #4 Proxy:40030 <- 6 bytes
    0000  00 00 06 00 5d 8b                                ....].
18:37:01.455  RTR  #4 JOINWAITMODULE on the proxy — sent to 127.0.0.1:40031 (as 2130706433)
18:37:01.455  TCP  #4 Proxy:40030 -> 42 bytes
    0000  00 00 2a 00 26 b8 eb 8b d3 f7 fc ad 8a 8c c2 f7  ..*.&...........
    0010  af 91 8c e3 f4 aa 95 92 d4 ed a8 96 d6 9a fd ea  ................
    0020  af a4 98 ab 98 a9 90 97 9b f1                    ..........
18:37:01.563  TCP  #4 Proxy:40030 closed
18:37:03.850  TCP  #5 ProxyLauncher:40031 <- ::ffff:127.0.0.1:56040 connected
18:37:03.957  TCP  #5 ProxyLauncher:40031 <- 15 bytes
    0000  00 00 0f 00 4d 8b fa ee ef d9 f4 fb e2 ee 91     ....M..........
18:37:03.957  RTR  #5 LOGINWAITMODULE as "Senyaak" on the proxy — accepted
18:37:03.957  TCP  #5 ProxyLauncher:40031 -> 14 bytes
    0000  00 00 0e 00 26 b8 eb 8b c3 8a 8c cd 8c d4        ....&.........
18:37:04.062  TCP  #3 RouterLauncher:40001 <- 14 bytes
    0000  00 00 0e 00 cc 41 d2 b8 bf f9 fe cd 8c 8f        .....A........
18:37:04.062  RTR  #3 PROXY_HANDLER notification — nothing to answer
18:37:04.171  TCP  #3 RouterLauncher:40001 <- 24 bytes
    0000  00 00 18 00 4e 41 eb 8b 8e f0 97 8a 89 91 92 8c  ....NA..........
    0010  90 95 9a 8f 94 99 93 98                          ........
18:37:04.172  RTR  #3 LOGINFRIENDS — accepted
18:37:04.172  TCP  #3 RouterLauncher:40001 -> 12 bytes
    0000  00 00 0c 00 26 14 eb 8b c0 8a 8c 8c              ....&.......
18:37:04.389  TCP  #3 RouterLauncher:40001 <- 37 bytes
    0000  00 00 25 00 d1 41 fa ba fd dd ae a4 b8 d6 c3 a4  ..%..A..........
    0010  ae c4 8c d5 ca af 90 a6 c7 c7 a2 98 9c d6 a1 ab  ................
    0020  95 a1 fd 91 fa                                   .....
18:37:04.389  RTR  #3 lobby LOGIN for game "HEROES_29988429c481f219" — accepted, 3 channels pushed
18:37:04.389  TCP  #3 RouterLauncher:40001 -> 16 bytes
    0000  00 00 10 00 d1 14 fa b3 fd cf b9 d6 91 8c a1 bd  ................
18:37:04.390  TCP  #3 RouterLauncher:40001 -> 306 bytes
    0000  00 01 32 00 d1 14 fa b8 fd a0 e4 ee d1 9d 84 ec  ..2.............
    0010  fe 99 d7 c1 61 20 18 61 bf d6 e2 cd c7 d0 d8 c7  ....a .a........
    0020  fb aa 87 81 83 ad 7c 19 77 22 8c 90 95 c0 c3 aa  ......|.w"......
    0030  b3 f2 f1 91 d8 ef 8d 0e 2d 79 72 27 be a2 c7 e2  ........-yr'....
    0040  98 82 ee f5 9b d2 ee fd 3d 41 43 7a 53 63 a6 99  ........=ACzSc..
    0050  d3 db c2 fe f2 a1 eb ed cc 7f 4e 2f 75 6a 51 71  ..........N/ujQq
    0060  a8 9f a7 b0 f2 fd d1 e6 ec 88 0b 59 17 23 22 12  ...........Y.#".
    0070  03 46 ae ca 9f ca fc e9 e5 89 a1 3b 54 1c 06 50  .F.........;T..P
    0080  60 6f 45 8a c4 dd b8 fa fe e5 ea a4 7a 48 1e 0c  `oE.........zH..
    0090  7e 6e 5f 45 b0 ac ad c4 fb fc e2 d0 f8 08 5c 4d  ~n_E..........\M
    00a0  09 3d 28 1e 42 b9 ad f9 b6 f3 ab e8 d9 c7 35 50  .=(.B.........5P
    00b0  1b 04 4d 6c 6c 48 b5 a1 af a8 9f fd 86 d5 85 75  ..MllH.........u
    00c0  64 11 03 4c 2f 5b 26 e0 cd a5 a7 80 f3 8b 80 f5  d..L/[&.........
    00d0  05 16 1c 03 4b 5b 19 2b b4 c2 a8 a6 dc 92 d4 cc  ....K[.+........
    00e0  60 66 44 00 4a 6a 69 32 bc d5 f8 a5 ae dc 80 66  `fD.Jji2.......f
    00f0  14 1f 0a 2b 2a 58 39 b7 c0 a3 c6 95 f2 69 22 17  ...+*X9......i".
    0100  68 48 03 14 27 e1 dc ab a3 df e9 6f 61 10 65 7e  hH..'......oa.e~
    0110  0a 66 31 b8 c8 ac 9b ab ee 11 1b 70 77 56 54 3b  .f1........pwVT;
    0120  b2 c4 af 90 98 ef 1a 7b 77 65 17 01 4b f8 ae 92  .......{we..K...
    0130  da b1                                            ..
18:37:04.500  TCP  #1 IRC:6667 <- 72 bytes
    0000  00 12 3a 7d 65 02 93 c8 6f f4 51 cb 9f e7 44 67  ..:}e...o.Q...Dg
    0010  2a c1 0f 00 00 32 6b d7 58 9f 28 ee 09 fd 56 b6  *....2k.X.(...V.
    0020  47 62 8a a8 cc 56 2d 8b 02 58 03 43 3a a7 0c f6  Gb...V-..X.C:...
    0030  0c 8b 12 ca 76 e1 bc 00 5e 9c 19 d0 6c a1 e8 05  ....v...^...l...
    0040  fd 4e 7b 18 59 c8 2c 00                          .N{.Y.,.
18:37:04.501  IRC  #1 IRC nick "Senyaak" — welcomed
18:37:04.501  IRC  #1 IRC user HEROES_29988429c481f219 +i 0 :Senyaak
18:37:04.604  TCP  #1 IRC:6667 <- 28 bytes
    0000  00 1a 68 b7 da 8e 1e 81 bc c4 8b e2 08 22 bc ee  ..h.........."..
    0010  0d b8 c8 cf af 9c 4a be cd 52 12 00              ......J..R..
18:37:04.604  IRC  #1 IRC unhandled: MODE Senyaak :+i
18:37:05.801  TCP  #3 RouterLauncher:40001 <- 14 bytes
    0000  00 00 0e 00 d1 41 fa 8b bf b9 fe cd d7 8f        .....A........
18:37:05.802  RTR  #3 lobby server 1 — sent to 127.0.0.1:40040
18:37:05.802  TCP  #3 RouterLauncher:40001 -> 39 bytes
    0000  00 00 27 00 d1 14 fa b3 fd e1 a6 a9 b9 d6 ca a4  ..'.............
    0010  aa 96 8c 90 e6 ab d2 96 bc 94 ad a0 91 f4 a2 a9  ................
    0020  ac 94 f5 ab ad 93 a7                             .......
18:37:08.188  TCP  #6 Lobby:40040 <- ::ffff:127.0.0.1:64826 connected
18:37:08.189  TCP  #6 Lobby:40040 <- 52 bytes
    0000  00 00 34 00 d2 42 fa ee ef e1 ae b3 a4 d9 f4 91  ..4..B..........
    0010  a7 a4 94 98 e2 fb e6 ad 90 87 9a ee 94 ab 8f 9d  ................
    0020  9c b3 a2 b7 98 92 83 82 b6 aa a8 94 99 9f 85 af  ................
    0030  d6 9e 85 c7                                      ....
18:37:08.189  RTR  #6 LOBBYSERVERLOGIN "Senyaak" on server 1, from 192.168.178.27/255.255.255.0
18:37:08.189  TCP  #6 Lobby:40040 -> 16 bytes
    0000  00 00 10 00 26 24 fa ba d5 cf b8 8d 91 bc a1 fc  ....&$..........
18:37:08.297  TCP  #6 Lobby:40040 <- 22 bytes
    0000  00 00 16 00 d1 42 fa b8 fd 92 b8 d6 e2 ad 8c 90  .....B..........
    0010  a7 97 be e0 a2 c5                                ......
18:37:08.297  RTR  #6 JOIN_LOBBY 1 ("Casual") — in, 0 game(s) listed
18:37:08.297  TCP  #6 Lobby:40040 -> 21 bytes
    0000  00 00 15 00 d1 24 fa b3 fd c9 b9 d6 91 95 8c a3  .....$..........
    0010  a5 ca bd e0 cb                                   .....
18:37:08.297  TCP  #6 Lobby:40040 -> 72 bytes
    0000  00 00 48 00 d1 24 fa b8 fd a0 e4 ee a4 9c c6 bf  ..H..$..........
    0010  d6 e2 cd fd 92 d8 b4 8d 8c 90 95 d8 d1 aa c0 cf  ................
    0020  c4 be a2 e9 a1 99 b2 bb f3 97 a6 99 cc db c2 ba  ................
    0030  b1 94 a8 fe a7 b0 b9 c1 93 eb 97 9e b8 f8 9a d6  ................
    0040  dd d5 cc 9d ad b6 be 98                          ........
18:37:08.407  TCP  #1 IRC:6667 <- 28 bytes
    0000  00 1a 2f f2 ac a5 a8 ac cc 75 27 38 ad 4f 22 34  ../......u'8.O"4
    0010  35 56 87 82 b1 24 be 46 8f c1 14 00              5V...$.F....
18:37:08.408  IRC  #1 IRC Senyaak joined :#LobbyGrp1.1
18:37:08.623  UDP  NATServer:40010 <- 127.0.0.1:1024, 548 bytes
    0000  b8 f1 02 00 42 00 40 30 00 00 00 00 00 00 42 00  ....B.@0......B.
    0010  dd 82 fa 8b bf e1 d2 a5 9c e4 bb fe 91 d9 a5 97  ................
    0020  d8 d2 d7 e3 c7 a2 c1 aa ed da 8f d1 a8 98 90 e2  ................
    0030  8d df db c6 92 99 f5 d3 84 f5 cb ab 95 e0 8f 8b  ................
    0040  f4 a6 c0 fc d0 d9 a1 99 94 e8 87 83 8e c3 7e 0f  ..............~.
    0050  08 b9 7e 0f 49 47 45 00 5b 77 b8 b1 82 02 00 80  ..~.IGE.[w......
    0060  c0 bb 7e 0f c0 bb 7e 0f e8 3b 54 0f 7e 75 7d 00  ..~...~..;T.~u}.
    0070  5e 77 bd b1 a0 03 00 80 08 ba 7e 0f 08 ba 7e 0f  ^w........~...~.
    0080  38 37 54 0f ab 03 00 80 5d 77 a2 b1 c5 04 00 80  87T.....]w......
    0090  30 aa 68 0f 00 b8 7e 0f d8 33 54 0f a8 9c 81 00  0.h...~..3T.....
    00a0  50 77 a7 b1 6e 05 00 80 98 a8 68 0f 00 b8 7e 0f  Pw..n.....h...~.
    00b0  58 35 54 0f 6d 6a 8e 00 57 77 a4 b1 9a 06 00 80  X5T.mj..Ww......
    00c0  a8 a7 68 0f 08 ba 7e 0f c8 34 54 0f 8a 80 77 00  ..h...~..4T...w.
    00d0  aa 76 a9 b1 79 07 00 80 f8 a8 68 0f 00 b8 7e 0f  .v..y.....h...~.
    00e0  b8 35 54 0f a3 06 00 80 a9 76 ae b1 45 08 00 80  .5T......v..E...
    00f0  78 a7 68 0f 00 b8 7e 0f a8 33 54 0f 61 35 37 00  x.h...~..3T.a57.
    0100  ac 76 93 b1 4f 09 00 80 50 a8 68 0f 00 b8 7e 0f  .v..O...P.h...~.
    0110  a8 36 54 0f e2 00 ee 00 a3 76 90 b1 a5 0a 00 80  .6T......v......
    0120  80 a8 68 0f 00 b8 7e 0f 08 34 54 0f 5d 4a 5b 00  ..h...~..4T.]J[.
    0130  a6 76 95 b1 89 0b 00 80 08 a8 68 0f 00 b8 7e 0f  .v........h...~.
    0140  e8 38 54 0f bc 09 00 80 a5 76 9a b1 6d 0c 00 80  .8T......v..m...
    0150  00 b8 7e 0f 00 b8 7e 0f 68 34 54 0f 51 32 3b 00  ..~...~.h4T.Q2;.
    0160  b8 76 9f b1 c7 0d 00 80 e0 a8 68 0f 00 b8 7e 0f  .v........h...~.
    0170  78 33 54 0f d7 e5 f2 00 bf 76 9c b1 51 0e 00 80  x3T......v..Q...
    0180  50 df e7 39 c0 b6 7e 0f f0 b7 7e 0f fd ff ff 00  P..9..~...~.....
    0190  b2 76 81 b1 4c 0f 00 80 48 7d cf 39 a0 b8 7e 0f  .v..L...H}.9..~.
    01a0  58 ee 98 39 46 0c 00 80 b1 76 86 b1 52 10 00 80  X..9F....v..R...
    01b0  68 a8 68 0f 00 b8 7e 0f 48 33 54 0f b6 c5 da 00  h.h...~.H3T.....
    01c0  b4 76 8b b1 4f 11 00 80 20 a8 68 0f 00 b8 7e 0f  .v..O... .h...~.
    01d0  88 38 54 0f 45 2e 29 00 8b 76 88 b1 61 12 00 80  .8T.E.)..v..a...
    01e0  88 7c cf 39 10 bc 7e 0f b0 bb 7e 0f 70 82 a7 00  .|.9..~...~.p...
    01f0  8e 76 8d b1 5e 13 00 80 18 aa 68 0f 08 ba 7e 0f  .v..^.....h...~.
    0200  38 40 54 0f 55 0f 00 80 8d 76 f2 b1 9c 14 00 80  8@T.U....v......
    0210  b0 a8 68 0f c0 b6 7e 0f f8 b9 7e 0f 71 46 31 00  ..h...~...~.qF1.
    0220  80 76 f7 b1                                      .v..
18:37:08.623  NAT  NAT ask, request 1 — answered 127.0.0.1 as u32 16777343, subtypes 1, 2, 3
18:37:08.623  UDP  NATServer:40010 -> 127.0.0.1:1024, 43 bytes
    0000  a6 d2 01 00 1f 00 44 30 01 00 00 00 00 00 1f 00  ......D0........
    0010  dd 28 fa 8b bf a4 a3 bb fe a0 a5 af d7 e3 a2 e9  .(..............
    0020  af 8f a3 99 ad a0 a4 ab ac af fc                 ...........
18:37:08.623  UDP  NATServer:40010 -> 127.0.0.1:1024, 43 bytes
    0000  a9 d1 01 00 1f 00 44 30 02 00 00 00 00 00 1f 00  ......D0........
    0010  dd 28 fa 8b bf a4 a3 b8 fe a0 a5 af d7 e3 a2 e9  .(..............
    0020  af 8f a3 99 ad a0 a4 ab ac af fc                 ...........
18:37:08.623  UDP  NATServer:40010 -> 127.0.0.1:1024, 43 bytes
    0000  a8 d0 01 00 1f 00 44 30 03 00 00 00 00 00 1f 00  ......D0........
    0010  dd 28 fa 8b bf a4 a3 b9 fe a0 a5 af d7 e3 a2 e9  .(..............
    0020  af 8f a3 99 ad a0 a4 ab ac af fc                 ...........
18:37:08.732  UDP  NATServer:40010 <- 127.0.0.1:1024, 12 bytes
    0000  b8 cf 02 00 00 00 44 30 ff ff 01 00              ......D0....
18:37:08.732  NAT  ACK — nothing to answer
18:37:08.732  UDP  NATServer:40010 <- 127.0.0.1:1024, 12 bytes
    0000  b7 cf 02 00 00 00 44 30 ff ff 02 00              ......D0....
18:37:08.732  NAT  ACK — nothing to answer
18:37:08.732  UDP  NATServer:40010 <- 127.0.0.1:1024, 12 bytes
    0000  b6 cf 02 00 00 00 44 30 ff ff 03 00              ......D0....
18:37:08.732  NAT  ACK — nothing to answer
18:37:08.950  UDP  NATServer:40010 <- 127.0.0.1:8888, 4 bytes
    0000  01 00 00 7f                                      ....
18:37:08.950  NAT  ping, 4 bytes echoed
18:37:08.951  UDP  NATServer:40010 -> 127.0.0.1:8888, 4 bytes
    0000  01 00 00 7f                                      ....
18:37:09.165  TCP  #3 RouterLauncher:40001 <- 30 bytes
    0000  00 00 1e 00 cc 41 fa 8b e2 f7 e5 bb fe f5 f3 ab  .....A..........
    0010  d7 f4 e0 e9 ae ee e5 99 ee fd e1 e1 9c 9f        ..............
18:37:09.165  RTR  #3 PROXY_HANDLER — "ladderquery" is at 127.0.0.1:40030
18:37:09.166  TCP  #3 RouterLauncher:40001 -> 62 bytes
    0000  00 00 3e 00 cc 14 fa b3 fd e1 f2 e4 a4 9d b9 d6  ..>.............
    0010  ca f2 ee 93 99 80 8c 90 f1 fe d1 d9 86 89 be f5  ................
    0020  ef a1 a9 87 88 e3 ff e8 90 99 80 83 e0 ea ec d4  ................
    0030  98 c5 bc 9e fd 9e b5 8b 9d fe 9e 87 89 e2        ..............
18:37:09.166  TCP  #6 Lobby:40040 <- 19 bytes
    0000  00 00 13 00 d1 42 fa 8b bf aa b3 fe a2 c8 d7 e3  .....B..........
    0010  94 8f a7                                         ...
18:37:09.166  RTR  #6 GROUP_INFO_GET for 1
18:37:09.166  TCP  #6 Lobby:40040 -> 23 bytes
    0000  00 00 17 00 d1 24 fa b3 fd e1 97 b9 d6 ca a6 8c  .....$..........
    0010  90 e6 b6 94 c4 a2 c5                             .......
18:37:09.275  TCP  #5 ProxyLauncher:40031 <- 83 bytes
    0000  00 00 53 00 cc 8b fa b9 8e c9 e4 cf 9d 94 b5 bb  ..S.............
    0010  bc 91 cd d9 9a 9f 85 e6 b4 a1 95 d3 90 c9 c0 bc  ................
    0020  a5 fc a5 e9 fe 90 b2 8a a2 97 e0 99 f3 9a 88 c9  ................
    0030  bb c9 94 a9 da 93 81 e2 af f9 93 8e d1 9e 9d b8  ................
    0040  a5 b4 96 8f 9d c8 87 ec c6 97 8a 88 9c c5 cd ae  ................
    0050  96 8d 89                                         ...
18:37:09.276  RTR  #5 PROXY_HANDLER subtype 1281 is not implemented
18:37:09.276  TCP  #3 RouterLauncher:40001 <- 14 bytes
    0000  00 00 0e 00 cc 41 d2 b8 bf f9 fe cd 8c 8f        .....A........
18:37:09.276  RTR  #3 PROXY_HANDLER notification — nothing to answer
18:37:12.336  TCP  #6 Lobby:40040 <- 669 bytes
    0000  00 02 9d 00 d1 42 fa b9 fd 42 17 1d c1 e4 8c d9  .....B...B......
    0010  b9 d6 e0 f1 07 04 21 3d 32 37 22 84 9c b4 cd e7  ......!=27".....
    0020  bb d6 e2 47 4d f0 d8 8d 8f c9 d5 1d f0 ff 0f 4b  ...GM..........K
    0030  cd 29 76 18 84 9b b3 cc e6 2f 8c 90 20 2e 82 aa  .)v....../.. ...
    0040  81 85 fa d0 1e ef fc 2e 1f ce 31 2c 09 83 9a b2  ..........1,....
    0050  c6 e5 7d 4c be 44 4a 35 c2 ed 88 b4 db 1f ee fb  ..}L.DJ5........
    0060  09 7f cf 0e 24 2d 82 99 b1 c2 ec fc 37 4a 32 2b  ....$-......7J2+
    0070  20 c9 e2 d8 c6 d6 20 ed fc 4c 1d d0 6d 33 44 80   ..... ..L..m3D.
    0080  90 b0 cd e1 7b 65 5a 24 48 7d c6 f5 83 f2 fa d6  ....{eZ$H}......
    0090  cc fb 0f 7d 26 32 01 42 90 94 af c8 f6 e3 70 43  ...}&2.B......pC
    00a0  2b 52 be df e0 8b b7 d2 df e9 fa 3f 1b 20 30 74  +R.........?. 0t
    00b0  1b 7d 8e ae c7 e3 fb 78 45 24 5a 6e cb fc 8c c3  .}.....xE$Zn....
    00c0  cf dc ce f9 0d 63 2c 5e 20 0d 7e 83 8d c6 84 fa  .....c,^ .~.....
    00d0  66 44 5a 58 6d eb e8 8f fb ce db ed f8 3a 19 29  fDZXm........:.)
    00e0  73 37 13 7d 94 b5 c4 ba f9 40 5a 61 55 6c e2 93  s7.}.....@ZaUl..
    00f0  8e f0 af de 17 f7 03 76 21 12 3d 08 7c 93 ab cc  .......v!.=.|...
    0100  b2 f9 3e 51 69 54 6b 10 9a a4 f2 cc ec 18 f6 46  ..>QiTk........F
    0110  17 29 48 25 0c 79 92 a8 c0 bf ff 62 0b 58 87 62  .)H%.y.....b.X.b
    0120  5e 94 ab b4 fb d9 19 f5 01 73 2a 39 1d 0b 72 91  ^........s*9..r.
    0130  b1 96 bd e8 6a 45 5f 77 6b 04 e2 a0 b3 cb d7 1a  ....jE_wk.......
    0140  f4 31 15 2d 42 61 13 78 98 a8 da b5 78 77 42 69  .1.-Ba.x....xwBi
    0150  53 c4 08 ea ad b2 e7 d1 ec f3 07 47 26 36 3f 1a  S..........G&6?.
    0160  58 9a a4 c0 bf 1e 6c 5d 5f 50 61 0b ea a8 b9 c1  X.....l]_Pa.....
    0170  d0 de f2 23 13 27 38 29 42 64 8e a6 bd 86 02 60  ...#.'8)Bd.....`
    0180  0a 48 73 66 17 e1 9f bc c2 c7 dd ea 41 32 2d 37  .Hsf........A2-7
    0190  32 02 5f 8d a4 a4 bd 04 7b 44 5f 50 60 1c e3 9c  2._.....{D_P`...
    01a0  af 9b e9 dc e9 f5 31 23 36 2b 3b 16 8c ac bd a1  ......1#6+;.....
    01b0  f9 63 43 7d 6e 64 48 e3 9a ac be cd db e8 f4 8c  .cC}ndH.........
    01c0  2a 34 25 26 07 89 b4 bc b7 ed 7d 55 48 3a 63 74  *4%&......}UH:ct
    01d0  ef 9c a6 bf cc d2 e7 f3 fe 57 3c 38 73 16 82 a2  .........W<8s...
    01e0  bb a6 ef 64 0d 56 21 62 42 ea 9b ac b2 cb db ee  ...d.V!bB.......
    01f0  fa 8e 54 29 2e 2c 36 9d a1 ba bb ec 72 6f 7b 39  ..T).,6.....ro{9
    0200  61 71 e9 9a a9 bb ca e4 e1 f7 fc 43 6c 22 3a 01  aq.........Cl":.
    0210  88 a0 b9 a7 f1 4b 7f 43 2a 68 74 eb 99 a0 ba c1  .....K.C*ht.....
    0220  fe e4 f0 fe 4a 3b 77 1d 11 87 92 b8 a7 ec 2a 70  ....J;w.......*p
    0230  50 2c 5b 73 f6 90 a9 b9 ee d6 e3 ef fa 56 69 24  P,[s.........Vi$
    0240  1c 86 96 b7 b0 db 77 33 72 2c 5e 72 a5 91 a1 b8  ......w3r,^r....
    0250  c7 d7 e2 ee fb 46 35 75 1b 99 b6 f0 ee 73 6f 1d  .....F5u.....so.
    0260  2c 5d 71 f0 96 a7 bf c6 fc e1 ed f8 4a 6e 2a 78  ,]q.........Jn*x
    0270  b5 ce ea 63 69 19 18 5c 78 e0 95 a6 bb c5 d3 e8  ...ci..\x.......
    0280  e4 f7 72 39 25 19 42 ce e8 4c 7c 42 2a 5a 6c e7  ..r9%.B..L|B*Zl.
    0290  94 a5 b5 c4 d2 dc ee f6 00 68 73 2f 1e           .........hs/.
18:37:12.336  RTR  #6 CREATE_ROOM "Сервер — Senyaak" in channel 1 — id 100, up to 2 players
18:37:12.337  TCP  #6 Lobby:40040 -> 52 bytes
    0000  00 00 34 00 d1 24 fa b3 fd c9 97 4c 24 b9 d6 91  ..4..$.....L$...
    0010  a6 29 72 f9 8c a2 a5 4b 17 89 ce be a5 3b 71 3c  .)r....K.....;q<
    0020  cf 82 e0 49 12 27 d4 c1 eb eb 4f 44 c2 b1 e8 1e  ...I.'....OD....
    0030  85 ce db b4                                      ....
18:37:12.337  TCP  #6 Lobby:40040 -> 689 bytes
    0000  00 02 b1 00 d1 24 fa bf d5 e1 46 4c f7 df 84 ec  .....$....FL....
    0010  98 ef b1 c5 04 18 21 37 3f 52 22 aa fd b4 cd e7  ......!7?R".....
    0020  63 bf d6 91 23 29 83 ab c7 cd 8c e7 a7 93 f7 0c  c...#)..........
    0030  20 72 45 54 41 f0 d6 b3 cc e6 72 01 8c a7 45 4b   rETA.....r...EK
    0040  36 c1 b3 bd 80 e0 a9 d6 fa f1 1f 35 2a 58 1e f0  6..........5*X..
    0050  ec b2 c6 e5 6f 1b 41 fc 35 28 21 c8 83 8d b4 eb  ....o.A.5(!.....
    0060  93 dc d6 f2 1e 05 43 55 1c e7 fd b0 c2 e4 8b 18  ......CU........
    0070  58 39 43 49 42 c9 c2 c8 c6 ea df d9 fe f3 1d 2b  X9CIB..........+
    0080  27 5d 0a d5 d9 b0 cd e3 8b 05 46 61 14 18 bf de  ']........Fa....
    0090  b0 ba ae e8 e7 d4 fb f4 1c 0f 41 55 27 a0 b8 af  ..........AU'...
    00a0  c8 e2 9c 18 7f 3b 02 0e 1e c8 9f 89 a5 e9 ec d3  .....;..........
    00b0  fa 02 1b 6d 13 56 46 0c be ae c7 e1 dc 27 1e 2b  ...m.VF......'.+
    00c0  2f 15 8f c0 9e 8d a2 fd ee d3 9b 0b 1a 2b 3f 59  /............+?Y
    00d0  1c 1b e7 ac c6 e0 fa 12 43 24 17 0d 8e a0 9c c4  ........C$......
    00e0  bb 91 bd d0 f8 08 19 2b 1e 52 65 11 f1 bc c5 df  .......+.Re.....
    00f0  fa 16 5f 67 04 16 8d 96 d3 b6 af 9e eb da ce 07  .._g............
    0100  38 28 1d 53 1e 09 e7 a9 cc de f9 14 4f 33 1e 10  8(.S........O3..
    0110  84 a5 d6 c8 a5 89 e1 b8 c7 02 15 2f 28 59 6a 29  .........../(Yj)
    0120  fc aa c0 dd f8 13 60 35 71 10 8f a0 d5 c7 d2 84  ......`5q.......
    0130  ec b5 c7 30 32 28 3b 4f 64 55 f8 a9 da dc fa 12  ...02(;OdU......
    0140  03 20 75 10 8a 9f df c6 d8 eb b4 a0 92 05 11 27  . u............'
    0150  1a 46 63 0b ff a8 d7 db fe 11 a9 10 2e 2c 89 9e  .Fc..........,..
    0160  c2 c5 d5 e6 f8 ab c2 03 eb 26 3d 4d 62 1d ff a5  .........&=Mb...
    0170  c0 da f1 18 28 63 3e 1e 88 9d 91 cc dc e7 f7 0e  ....(c>.........
    0180  ca 02 ec 25 78 27 60 0e f6 ae bf f9 f4 0d af 31  ...%x'`........1
    0190  2e 10 86 94 c4 c5 d5 e6 f6 07 13 01 ed 24 33 4b  .............$3K
    01a0  68 17 ae a4 be c1 f3 1a 37 24 37 1f 8e 98 cc c2  h.......7$7.....
    01b0  dd e5 fd 38 1a 1f ee 23 03 2b 51 19 ee 84 bd d7  ...8...#.+Q.....
    01c0  f2 0f 27 2c 31 08 86 9a cb c1 d3 e4 d2 2a 15 16  ..',1........*..
    01d0  1d 22 31 49 a1 04 ef b0 b4 d4 f0 68 26 4a 38 76  ."1I.......h&J8v
    01e0  84 99 c7 c0 d2 eb f3 02 10 1b 5a 06 29 a2 1a f2  ..........Z.)...
    01f0  8b ae cd f8 6e 25 6c 26 4d 81 98 ce bf d1 ef f2  ....n%l&M.......
    0200  03 0f 1c 28 6e 47 a3 06 a7 c2 ba d4 ec 66 25 12  ...(nG.......f%.
    0210  2d 45 80 97 c4 b6 d0 e1 f1 28 0e 1b 22 6f a4 1d  -E.......(.."o..
    0220  f8 d3 b9 d0 ba 6b 2b 4e 77 0c 53 9e 8a b8 c7 e0  .....k+Nw.S.....
    0230  f0 ff 0d 1a 26 31 05 e6 fa b8 d2 f6 69 3c 5e 31  ....&1......i<^1
    0240  0b a3 97 d0 ce cc df e7 fe 04 19 27 01 eb da b5  ...........'....
    0250  d0 ec 69 ac 43 36 3d 7f 38 dc de c1 de cb fd 08  ..i.C6=.8.......
    0260  10 24 5c ed be d8 e9 63 ca 58 29 0b 7c 95 d7 de  .$\....c.X).|...
    0270  c4 d5 ed fc 0a 12 23 2e a1 d8 f0 5a ee 54 7e 14  ......#....Z.T~.
    0280  5f 92 cb d5 cb d0 ee f3 09 16 22 1f ce e9 61 e8  _........."...a.
    0290  47 28 03 7c 94 c0 d7 c8 db cf dd 08 15 21 5f e8  G(.|.........!_.
    02a0  75 15 5f 2f 21 5a 90 94 df ce d8 ea f9 07 14 20  u._/!Z......... 
    02b0  2b                                               +
18:37:12.553  TCP  #6 Lobby:40040 <- 52 bytes
    0000  00 00 34 00 d1 42 fa bf fd 92 a3 ee fb b8 d6 a1  ..4..B..........
    0010  a2 9c f0 9f 8c a0 e6 ab e7 cd 96 be 94 e9 ee 91  ................
    0020  99 86 e0 99 f2 c2 cf d3 eb a0 da 95 95 80 b5 d6  ................
    0030  c4 c8 d1 83                                      ....
18:37:12.554  RTR  #6 JOIN_ROOM 100 ("Сервер — Senyaak") — in, 1 of 2
18:37:12.554  TCP  #6 Lobby:40040 -> 23 bytes
    0000  00 00 17 00 d1 24 fa b3 fd c9 97 b9 d6 91 a6 8c  .....$..........
    0010  a4 a5 bd a5 c4 e0 c5                             .......
18:37:12.554  TCP  #6 Lobby:40040 -> 714 bytes
    0000  00 02 ca 00 d1 24 fa b8 fd 92 97 4d 16 38 b5 8e  .....$.....M.8..
    0010  af 93 db ae 31 14 23 35 52 53 60 d7 f2 b4 ce e7  ....1.#5RS`.....
    0020  02 bf d6 a1 ae ef 73 2b df cd 9a 9a d6 a3 cd 3a  ......s+.......:
    0030  04 32 45 59 6e ab f2 b3 d4 e6 0c 1c 8c a0 a7 9b  .2EYn...........
    0040  22 48 d2 bd bb 86 82 aa 98 0f 1b 31 64 50 6d f1  "H.........1dPm.
    0050  f5 b2 dd e5 08 1b b7 be a5 ad 70 89 d3 8d c7 96  ..........p.....
    0060  d9 a1 cc 0d e1 30 47 57 6c e7 e9 b3 ca e4 fb 12  .....0GWl.......
    0070  36 6d e0 ea 15 28 c8 c8 f7 9a ed bf c4 0c e2 2f  6m...(........./
    0080  02 3d 6a f8 e0 b8 c9 c3 fe 1b b5 3f 10 c3 4f 76  .=j........?..Ov
    0090  de ba b6 a2 ea a9 cf 0b e3 2e 45 55 62 e1 b4 ae  ..........EUb...
    00a0  c8 fb fd 0c 2d 2e 0d 15 3f 13 ca 89 c4 d0 e5 a3  ....-...?.......
    00b0  99 0e e4 2d 75 35 67 13 f4 8e c7 e1 fc 15 31 26  ...-u5g.......1&
    00c0  0b 1e 8c 75 fd 88 f3 a4 e4 99 c0 01 12 2c 3b 53  ...u.........,;S
    00d0  97 0e f1 be ce e2 fa 72 30 3c 0e 60 8e a3 8d 86  .......r0<.`....
    00e0  f7 af e2 e9 ca 0c 1a 2b 0c 33 98 14 ec 85 d0 c7  .......+.3......
    00f0  f2 70 2f 1a 10 57 8f a2 d4 c5 b2 ac e3 d1 c3 2c  .p/..W.........,
    0100  e7 2a 39 51 99 08 bd c8 c4 de fa 78 2f 68 27 5f  .*9Q.......x/h'_
    0110  8e a1 da c0 c0 b5 eb d6 ce 04 e8 29 7c 29 9a 17  ...........)|)..
    0120  e2 d9 c3 de ac 71 25 34 7d 12 59 a8 94 c2 d1 a5  .....q%4}.Y.....
    0130  87 d4 cd 05 e9 28 3f 4f 6c 0f f0 cc c2 dc ec 73  .....(?Ol......s
    0140  32 20 3f 15 a9 9d ca b4 da e9 84 83 cd 04 ea 27  2 ?............'
    0150  0f 20 6e 34 fd ec c3 da f6 7f a6 3d 38 27 89 32  . n4.......=8'.2
    0160  c6 a0 db e8 dd d5 ca 61 1c 26 3d 4d 62 57 a0 d7  .......a.&=MbW..
    0170  c8 d2 f7 75 c0 22 23 11 8a 9b c1 a0 de ef f7 06  ...u."#.........
    0180  c0 02 11 25 19 29 63 04 fa c7 ab ce ee 50 d8 2e  ...%.)c......P..
    0190  74 02 a5 9c dd af d5 ea f4 0d 13 38 12 24 77 4b  t..........8.$wK
    01a0  6b 06 fe e8 be d8 f3 6b de 31 3e 15 86 9e ca ad  k......k.1>.....
    01b0  d6 e5 d1 23 12 1f 11 23 31 19 5f 14 e9 d2 bd d7  ...#...#1._.....
    01c0  f2 7b 2f 29 39 2b a4 9a 9e a9 d4 e6 f4 03 11 1e  .{/)9+..........
    01d0  2a 02 35 49 5c 39 df c7 bc d6 f1 6d 3b 4b 23 1e  *.5I\9.....m;K#.
    01e0  f0 99 ae a5 d2 e8 f1 02 18 1d 29 03 36 68 57 5c  ..........).6hW\
    01f0  aa e3 ba d8 f0 78 25 52 7b 0c ef 98 98 dc d1 e2  .....x%R{.......
    0200  fc 01 0d 14 20 40 66 67 5c 06 fa 8e ba dc ef 65  .... @fg\......e
    0210  26 48 25 21 f7 97 af df d0 e3 f1 00 32 1f 21 32  &H%!........2.!2
    0220  61 3c 59 73 ed 88 b9 d7 ee 7d 3f 71 35 1d e0 9e  a<Ys.....}?q5...
    0230  aa d1 cf ea f0 f7 24 1a 26 34 3b 2a 11 08 eb ed  ......$.&4;*....
    0240  b8 d2 ed 7d 22 14 3e 0e e6 91 a9 cc c6 df ef d8  ...}".>.........
    0250  0c 19 25 30 0b 26 16 f3 fb b6 d1 ec 66 11 49 7d  ..%0.&......f.I}
    0260  28 1a 94 a8 9b cb d7 ee fd 09 18 24 2d 4a 11 17  (..........$-J..
    0270  e9 a6 d0 eb 26 24 49 25 47 1a 93 a7 ce cc dd e5  ....&$I%G.......
    0280  fc 22 17 23 2e 38 32 49 b7 cf ea 04 1c 59 23 4f  .".#.82I.....Y#O
    0290  22 92 ae da cb dc e1 fb 09 1e 2a 2d 05 1b 23 c6  ".........*-..#.
    02a0  e9 04 1e 7a 2a 14 10 90 a6 dd ca db eb fa 08 16  ...z*...........
    02b0  24 2c 45 64 26 e8 03 1d 19 1a 00 1a 98 a4 dd c9  $,Ed&...........
    02c0  da ea f1 07 14 20 2b 35 63 27                    ..... +5c'
18:37:12.662  UDP  NATServer:40010 <- 127.0.0.1:1024, 548 bytes
    0000  45 fe 02 00 42 00 40 30 01 00 00 02 00 00 42 00  E...B.@0......B.
    0010  dd 82 fa 8b bc e1 d2 a5 9c e4 bb fe 91 d9 a5 97  ................
    0020  d8 d2 d7 e3 c7 a2 c1 aa ed da 8f d1 a8 98 90 e2  ................
    0030  8d df db c6 92 99 f5 d3 84 f5 cb ab 95 e0 8f 8b  ................
    0040  f4 a6 c0 fc d0 d9 a1 99 94 e8 87 83 8e c3 6b 00  ..............k.
    0050  08 00 09 02 00 0a 02 00 0b 02 00 0d 08 ff ff ff  ................
    0060  ff 0e 08 01 00 00 00 0f 78 02 74 2f 4d 61 70 73  ........x.t/Maps
    0070  2f 4d 75 6c 74 69 70 6c 61 79 65 72 2f 52 75 6c  /Multiplayer/Rul
    0080  65 73 20 54 65 73 74 2f 6d 61 70 2e 78 64 62 23  es Test/map.xdb#
    0090  78 70 6f 69 6e 74 65 72 28 2f 41 64 76 4d 61 70  xpointer(/AdvMap
    00a0  44 65 73 63 29 13 20 01 08 02 00 00 00 02 10 01  Desc). .........
    00b0  00 00 00 01 00 00 00 14 08 02 00 00 00 15 08 00  ................
    00c0  00 00 00 16 18 03 08 00 00 00 00 04 08 0d 00 00  ................
    00d0  00 17 08 01 00 03 00 18 02 00 19 20 00 00 00 00  ........... ....
    00e0  00 00 00 00 00 00 00 00 00 00 00 00 1a 02 00 1b  ................
    00f0  54 03 08 01 00 00 00 04 08 0d 00 00 00 01 20 61  T............. a
    0100  75 74 6f 73 61 76 65 5f 65 6e 61 62 6c 65 64 02  utosave_enabled.
    0110  14 02 08 00 00 00 00 03 04 30 00 1c 02 00 1d 08  .........0......
    0120  f6 f1 ea 8d 1e 08 01 00 00 00 1f 86 02 82 2f 4d  ............../M
    0130  61 70 73 2f 4d 75 6c 74 69 70 6c 61 79 65 72 2f  aps/Multiplayer/
    0140  52 75 6c 65 73 20 54 65 73 74 2f 6d 61 70 2d 74  Rules Test/map-t
    0150  61 67 2e 78 64 62 23 78 70 6f 69 6e 74 65 72 28  ag.xdb#xpointer(
    0160  2f 41 64 76 4d 61 70 44 65 73 63 54 61 67 29 20  /AdvMapDescTag) 
    0170  18 67 6f 61 6c 5f 64 65 66 61 75 6c 74 21 00 22  .goal_default!."
    0180  02 00 23 d2 02 02 00 03 08 01 00 00 00 04 08 00  ..#.............
    0190  00 00 00 05 00 06 ac 02 08 00 00 00 00 03 08 00  ................
    01a0  00 00 00 04 34 03 30 65 6d 70 74 79 20 6f 62 6a  ....4.0empty obj
    01b0  65 63 74 20 70 6c 61 63 65 68 6f 6c 64 65 72 05  ect placeholder.
    01c0  08 00 00 00 00 06 08 00 00 00 00 07 02 00 08 0c  ................
    01d0  02 08 00 00 00 00 09 00 0a 02 00 0b 02 00 0c 08  ................
    01e0  00 00 00 00 0d 08 00 00 00 00 0e 02 00 24 02 00  .............$..
    01f0  25 08 00 00 00 00 26 08 00 00 00 00 27 08 00 00  %.....&.....'...
    0200  00 00 28 02 00 29 3c 02 08 00 00 00 00 03 08 00  ..(..)<.........
    0210  00 00 00 04 08 00 00 00 00 05 08 00 00 00 00 06  ................
    0220  08 00 00 00                                      ....
18:37:12.663  NAT  NAT ask, request 2 — answered 127.0.0.1 as u32 16777343, subtypes 1, 2, 3
18:37:12.663  UDP  NATServer:40010 -> 127.0.0.1:1024, 43 bytes
    0000  a6 d1 01 00 1f 00 44 30 04 00 01 00 00 00 1f 00  ......D0........
    0010  dd 28 fa 8b bc a4 a3 bb fe a0 a5 af d7 e3 a2 e9  .(..............
    0020  af 8f a3 99 ad a0 a4 ab ac af fc                 ...........
18:37:12.663  UDP  NATServer:40010 -> 127.0.0.1:1024, 43 bytes
    0000  a9 d0 01 00 1f 00 44 30 05 00 01 00 00 00 1f 00  ......D0........
    0010  dd 28 fa 8b bc a4 a3 b8 fe a0 a5 af d7 e3 a2 e9  .(..............
    0020  af 8f a3 99 ad a0 a4 ab ac af fc                 ...........
18:37:12.663  UDP  NATServer:40010 -> 127.0.0.1:1024, 43 bytes
    0000  a8 cf 01 00 1f 00 44 30 06 00 01 00 00 00 1f 00  ......D0........
    0010  dd 28 fa 8b bc a4 a3 b9 fe a0 a5 af d7 e3 a2 e9  .(..............
    0020  af 8f a3 99 ad a0 a4 ab ac af fc                 ...........
18:37:12.770  TCP  #6 Lobby:40040 <- 19 bytes
    0000  00 00 13 00 d1 42 fa 8b bf aa b3 fe a2 c8 d7 e3  .....B..........
    0010  94 8f a7                                         ...
18:37:12.771  RTR  #6 GROUP_INFO_GET for 1
18:37:12.771  TCP  #6 Lobby:40040 -> 23 bytes
    0000  00 00 17 00 d1 24 fa b3 fd e1 97 b9 d6 ca a6 8c  .....$..........
    0010  90 e6 b6 94 c4 a2 c5                             .......
18:37:12.771  UDP  NATServer:40010 <- 127.0.0.1:1024, 12 bytes
    0000  b5 cf 02 00 00 00 44 30 ff ff 04 00              ......D0....
18:37:12.771  NAT  ACK — nothing to answer
18:37:12.771  UDP  NATServer:40010 <- 127.0.0.1:1024, 12 bytes
    0000  b4 cf 02 00 00 00 44 30 ff ff 05 00              ......D0....
18:37:12.771  NAT  ACK — nothing to answer
18:37:12.771  UDP  NATServer:40010 <- 127.0.0.1:1024, 12 bytes
    0000  b3 cf 02 00 00 00 44 30 ff ff 06 00              ......D0....
18:37:12.771  NAT  ACK — nothing to answer
18:37:12.995  UDP  NATServer:40010 <- 127.0.0.1:8888, 4 bytes
    0000  01 00 00 7f                                      ....
18:37:12.995  NAT  ping, 4 bytes echoed
18:37:12.995  UDP  NATServer:40010 -> 127.0.0.1:8888, 4 bytes
    0000  01 00 00 7f                                      ....
18:37:19.162  TCP  #1 IRC:6667 <- 28 bytes
    0000  00 1a 63 66 7a 5c bd 99 2d 5b 38 5d 8c be 15 88  ..cfz\..-[8]....
    0010  48 81 a9 90 36 ee c9 58 d2 e2 15 00              H...6..X....
18:37:19.162  IRC  #1 IRC Senyaak left #LobbyGrp1.1
18:37:19.207  TCP  #6 Lobby:40040 <- 14 bytes
    0000  00 00 0e 00 d1 42 fa 8b bf b2 fe cd d7 8f        .....B........
18:37:19.208  RTR  #6 GROUP_LEAVE 1
18:37:19.208  TCP  #6 Lobby:40040 -> 20 bytes
    0000  00 00 14 00 d1 24 fa b3 fd e1 b9 d6 ca c8 8c 90  .....$..........
    0010  94 b7 a2 cb                                      ....
18:37:19.325  TCP  #1 IRC:6667 <- 28 bytes
    0000  00 1a 63 66 7a 5c bd 99 2d 5b 38 5d 8c be 15 88  ..cfz\..-[8]....
    0010  48 81 a9 90 36 ee c9 58 d2 e2 15 00              H...6..X....
18:37:19.326  IRC  #1 IRC Senyaak left #LobbyGrp1.1
18:37:20.083  UDP  CDKeyServer:40020 <- 127.0.0.1:42500, 15 bytes
    0000  d3 00 00 00 0a 51 94 06 83 3d 6a a8 90 06 00     .....Q...=j....
18:37:20.084  KEY  CD-key keep-alive
18:37:20.958  TCP  #6 Lobby:40040 <- 22 bytes
    0000  00 00 16 00 d1 42 fa b8 fd 92 b8 d6 e2 ad 8c 90  .....B..........
    0010  a7 97 be e0 a2 c5                                ......
18:37:20.958  RTR  #6 JOIN_LOBBY 1 ("Casual") — in, 1 game(s) listed
18:37:20.958  TCP  #6 Lobby:40040 -> 21 bytes
    0000  00 00 15 00 d1 24 fa b3 fd c9 b9 d6 91 95 8c a3  .....$..........
    0010  a5 ca bd e0 cb                                   .....
18:37:20.959  TCP  #6 Lobby:40040 -> 749 bytes
    0000  00 02 ed 00 d1 24 fa b8 fd a0 e4 ee a4 9c c6 cc  .....$..........
    0010  ca 07 88 c4 73 73 13 33 b9 5a 5a ee 9c e6 a8 e7  ....ss.3.ZZ.....
    0020  06 1e bf d6 e2 cd fd 92 d8 b4 be fe 60 83 83 ff  ............`...
    0030  36 7f 50 ba 59 6a 84 9b 9c b8 e7 01 1d 56 8c 90  6.P.Yj.......V..
    0040  95 d8 d1 aa c0 8d bb 04 80 ef 95 3c 4c 31 bb 58  ...........<L1.X
    0050  5f e2 9b c0 a5 f5 00 1c 4c 51 be a2 e9 a1 99 b2  _.......LQ......
    0060  cf 9c 61 99 df 9c 39 5b 09 4b 57 68 82 91 d4 a3  ..a...9[.KWh....
    0070  e6 ff 1b 42 4e 19 a6 99 cc db c2 bb 9d 02 b1 9e  ...BN...........
    0080  9d 34 52 1e 40 56 2b e0 96 c9 a6 e3 fe 1a 57 51  .4R.@V+.......WQ
    0090  26 f4 a8 fe a7 b0 ba 98 51 bb ec 82 33 4e 1c 41  &.......Q...3N.A
    00a0  55 6e 80 68 ce b8 e2 f5 19 15 60 45 e2 d6 eb 97  Un.h......`E....
    00b0  9e b9 c4 01 8e da 94 33 5e 4b 40 54 5c 06 69 c2  .......3^K@T\.i.
    00c0  bf e1 ff 18 35 4b 1a ef ec c4 d6 dd b8 f3 7a fc  ....5K........z.
    00d0  99 9c 30 52 1d 3b 53 6c 7e 6a dd e5 e2 e3 17 33  ..0R.;Sl~j.....3
    00e0  4d 18 ae fd d1 c6 ad d5 b1 1e 4f e9 ab 3a 6a 13  M.........O..:j.
    00f0  0b 52 46 13 6b c5 a7 d7 ec 16 32 4d 06 f4 d9 c9  .RF.k.....2M....
    0100  cd de b6 c1 6c 5a d8 84 58 18 1e 3c 71 26 7c 9b  ....lZ..X..<q&|.
    0110  df a0 df f9 15 31 4c 2b 0c b8 cb c0 d9 8c f8 1c  .....1L+........
    0120  3b d7 f6 55 2e 4a 3c 52 62 1e 9f c6 bb fd f8 14  ;..U.J<Rb.......
    0130  3d 4b 4a 1b be c9 c3 d8 80 ff b8 f8 d7 c4 40 27  =KJ...........@'
    0140  11 3b 6b 64 7a 91 dc ec cf f7 13 27 4a e6 29 e7  .;kdz......'J.).
    0150  f3 c2 d7 9b fe 12 57 96 87 4b 27 15 3a 4a 61 2a  ......W..K'.:Ja*
    0160  92 e5 b1 f2 f6 32 2a 41 61 5c f1 c7 c1 d6 ca f5  .....2*Aa\......
    0170  05 20 e4 f3 51 72 12 3d b2 64 78 84 88 a1 b9 fd  . ..Qr.=.dx.....
    0180  08 2d 4a e4 08 e7 cb c1 dd 9d fa 0e 1f 2f c2 47  .-J........../.G
    0190  22 1d 30 b3 61 57 8e d5 d2 aa e1 10 2c 53 7e 1f  ".0.aW......,S~.
    01a0  fc c6 b7 d7 8b fb 04 1e 26 01 49 2a 1c 33 b4 60  ........&.I*.3.`
    01b0  56 8f d5 91 bd f3 0d 2b 44 60 15 f8 cf bd d3 82  V......+D`......
    01c0  fa 0c 1d 0b 15 4e 25 1a 1d b5 5f 61 86 c5 c9 93  .....N%..._a....
    01d0  f2 16 2b 21 5f 0d ff bf bd d2 8c f9 0b 14 2c 3b  ..+!_.........,;
    01e0  49 50 1b 37 41 5e 74 8b ee cf a6 f1 0d 21 21 5e  IP.7A^t......!!^
    01f0  25 ff 86 be d1 87 f8 0a 16 2b 38 48 55 61 34 4b  %........+8HUa4K
    0200  5d 53 88 8d de b4 f2 0f 2b 2f 5c 59 f6 8c b9 d0  ]S......+/\Y....
    0210  8b ff 09 1a 2a 11 47 54 65 36 b8 5c 76 80 d5 ee  ....*.GTe6.\v...
    0220  99 e7 0b 73 20 54 07 ae c3 68 c7 c3 f3 00 19 29  ...s T...h.....)
    0230  38 46 53 5f 6a 5b 31 88 a2 99 a5 fa 0b 3d 20 45  8FS_j[1......= E
    0240  11 ee c2 9a cc 9b 87 05 18 20 37 4d 52 5c 58 74  ......... 7MR\Xt
    0250  8f e7 cb b6 ed 01 25 2e d7 0a ef f6 b8 61 95 91  ......%......a..
    0260  0a 17 02 36 47 59 5d 1b 86 91 d2 90 ec 1f 26 5a  ...6GY].......&Z
    0270  b3 13 f2 c2 b5 ca 90 97 0d 1e 26 35 43 55 5c 67  ..........&5CU\g
    0280  9d da ff eb 07 39 61 a9 1d a7 d3 94 cb b2 9e 04  .....9a.........
    0290  19 27 3c 42 4f 5b 54 c0 e7 eb 06 22 58 a1 00 ef  .'<BO[T...."X...
    02a0  fa b5 cf bb 9e 01 14 00 14 41 4e 5a 16 32 bc e9  .........ANZ.2..
    02b0  05 21 4a 5e 06 e6 da 95 c9 ed 98 05 11 23 32 40  .!J^.........#2@
    02c0  4d 59 64 33 e8 09 20 5a 48 1a f2 ed c7 c8 df 8a  MYd3.. ZH.......
    02d0  01 19 20 31 37 4c 58 54 36 0b 1f 49 54 01 a8 fd  .. 17LXT6..IT...
    02e0  de c7 ef 8d 00 11 2f 30 3c 43 5f 11 31           ....../0<C_.1
18:37:21.071  TCP  #1 IRC:6667 <- 28 bytes
    0000  00 1a 2f f2 ac a5 a8 ac cc 75 27 38 ad 4f 22 34  ../......u'8.O"4
    0010  35 56 87 82 b1 24 be 46 8f c1 14 00              5V...$.F....
18:37:21.071  IRC  #1 IRC Senyaak joined :#LobbyGrp1.1
18:37:21.289  UDP  NATServer:40010 <- 127.0.0.1:1024, 548 bytes
    0000  85 2b 02 00 42 00 40 30 02 00 01 00 00 00 42 00  .+..B.@0......B.
    0010  dd 82 fa 8b bd e1 d2 a5 9c e4 bb fe 91 d9 a5 97  ................
    0020  d8 d2 d7 e3 c7 a2 c1 aa ed da 8f d1 a8 98 90 e2  ................
    0030  8d df db c6 92 99 f5 d3 84 f5 cb ab 95 e0 8f 8b  ................
    0040  f4 a6 c0 fc d0 d9 a1 99 94 e8 87 83 8e c3 5f 32  .............._2
    0050  39 39 38 38 34 32 39 63 34 38 31 66 32 31 39 01  9988429c481f219.
    0060  21 67 a2 b1 03 02 00 80 48 45 52 4f 45 53 5f 32  !g......HEROES_2
    0070  39 39 38 38 34 32 39 63 34 38 31 66 32 31 39 00  9988429c481f219.
    0080  25 67 be b1 0b 03 00 80 48 45 52 4f 45 53 5f 32  %g......HEROES_2
    0090  39 39 38 38 34 32 39 63 34 38 31 66 32 31 39 00  9988429c481f219.
    00a0  39 67 ba b1 10 04 00 80 48 45 52 4f 45 53 5f 32  9g......HEROES_2
    00b0  39 39 38 38 34 32 39 63 34 38 31 66 32 31 39 00  9988429c481f219.
    00c0  3d 67 b6 b1 14 05 00 80 1a 01 17 01 1b 01 17 01  =g..............
    00d0  1a 01 1c 01 18 01 19 01 1d 01 1c 01 19 01 1a 01  ................
    00e0  31 67 b2 b1 1b 06 00 80 1f 01 20 01 1c 01 21 01  1g........ ...!.
    00f0  1d 01 21 01 1c 01 1e 01 22 01 1f 01 23 01 1f 01  ..!....."...#...
    0100  35 67 8e b1 20 07 00 80 68 b7 da 8e 1e 81 bc c4  5g.. ...h.......
    0110  8b e2 08 22 bc ee 0d b8 c8 cf af 9c 4a be cd 52  ..."........J..R
    0120  09 67 8a b1 24 08 00 80 48 45 52 4f 45 53 5f 32  .g..$...HEROES_2
    0130  39 39 38 38 34 32 39 63 34 38 31 66 32 31 39 01  9988429c481f219.
    0140  0d 67 86 b1 2b 09 00 80 48 45 52 4f 45 53 5f 32  .g..+...HEROES_2
    0150  39 39 38 38 34 32 39 63 34 38 31 66 32 31 39 01  9988429c481f219.
    0160  01 67 82 b1 30 0a 00 80 54 94 9b 01 00 00 00 00  .g..0...T.......
    0170  00 00 00 00 26 01 32 01 58 fc b4 3b 34 01 39 01  ....&.2.X..;4.9.
    0180  05 67 9e b1 34 0b 00 80 48 45 52 4f 45 53 5f 32  .g..4...HEROES_2
    0190  39 39 38 38 34 32 39 63 34 38 31 66 32 31 39 01  9988429c481f219.
    01a0  19 67 9a b1 3d 0c 00 80 48 45 52 4f 45 53 5f 32  .g..=...HEROES_2
    01b0  39 39 38 38 34 32 39 63 34 38 31 66 32 31 39 00  9988429c481f219.
    01c0  1d 67 96 b1 40 0d 00 80 48 45 52 4f 45 53 5f 32  .g..@...HEROES_2
    01d0  39 39 38 38 34 32 39 63 34 38 31 66 32 31 39 00  9988429c481f219.
    01e0  11 67 92 b1 44 0e 00 80 4a 01 47 01 47 01 4a 01  .g..D...J.G.G.J.
    01f0  4b 01 4c 01 48 01 4d 01 48 01 49 01 4d 01 4e 01  K.L.H.M.H.I.M.N.
    0200  15 67 ee b1 4a 0f 00 80 48 45 52 4f 45 53 5f 32  .g..J...HEROES_2
    0210  39 39 38 38 34 32 39 63 34 38 31 66 32 31 39 00  9988429c481f219.
    0220  69 67 ea b1                                      ig..
18:37:21.290  NAT  NAT ask, request 3 — answered 127.0.0.1 as u32 16777343, subtypes 1, 2, 3
18:37:21.290  UDP  NATServer:40010 -> 127.0.0.1:1024, 43 bytes
    0000  a6 cc 01 00 1f 00 44 30 07 00 02 00 00 00 1f 00  ......D0........
    0010  dd 28 fa 8b bd a4 a3 bb fe a0 a5 af d7 e3 a2 e9  .(..............
    0020  af 8f a3 99 ad a0 a4 ab ac af fc                 ...........
18:37:21.291  UDP  NATServer:40010 -> 127.0.0.1:1024, 43 bytes
    0000  a9 cb 01 00 1f 00 44 30 08 00 02 00 00 00 1f 00  ......D0........
    0010  dd 28 fa 8b bd a4 a3 b8 fe a0 a5 af d7 e3 a2 e9  .(..............
    0020  af 8f a3 99 ad a0 a4 ab ac af fc                 ...........
18:37:21.291  UDP  NATServer:40010 -> 127.0.0.1:1024, 43 bytes
    0000  a8 ca 01 00 1f 00 44 30 09 00 02 00 00 00 1f 00  ......D0........
    0010  dd 28 fa 8b bd a4 a3 b9 fe a0 a5 af d7 e3 a2 e9  .(..............
    0020  af 8f a3 99 ad a0 a4 ab ac af fc                 ...........
18:37:21.398  UDP  NATServer:40010 <- 127.0.0.1:1024, 12 bytes
    0000  b2 cf 02 00 00 00 44 30 ff ff 07 00              ......D0....
18:37:21.398  NAT  ACK — nothing to answer
18:37:21.399  UDP  NATServer:40010 <- 127.0.0.1:1024, 12 bytes
    0000  b1 cf 02 00 00 00 44 30 ff ff 08 00              ......D0....
18:37:21.399  NAT  ACK — nothing to answer
18:37:21.399  UDP  NATServer:40010 <- 127.0.0.1:1024, 12 bytes
    0000  b0 cf 02 00 00 00 44 30 ff ff 09 00              ......D0....
18:37:21.399  NAT  ACK — nothing to answer
18:37:21.621  UDP  NATServer:40010 <- 127.0.0.1:8888, 4 bytes
    0000  01 00 00 7f                                      ....
18:37:21.621  NAT  ping, 4 bytes echoed
18:37:21.621  UDP  NATServer:40010 -> 127.0.0.1:8888, 4 bytes
    0000  01 00 00 7f                                      ....
18:37:21.840  TCP  #6 Lobby:40040 <- 19 bytes
    0000  00 00 13 00 d1 42 fa 8b bf aa b3 fe a2 c8 d7 e3  .....B..........
    0010  94 8f a7                                         ...
18:37:21.841  RTR  #6 GROUP_INFO_GET for 1
18:37:21.841  TCP  #6 Lobby:40040 -> 23 bytes
    0000  00 00 17 00 d1 24 fa b3 fd e1 97 b9 d6 ca a6 8c  .....$..........
    0010  90 e6 b6 94 c4 a2 c5                             .......
18:37:21.841  TCP  #5 ProxyLauncher:40031 <- 83 bytes
    0000  00 00 53 00 cc 8b fa b9 8e c9 e4 cf 9d 94 b5 bb  ..S.............
    0010  bc 91 cd d9 9a 9f 85 e6 b4 a2 95 d3 90 c9 c0 bc  ................
    0020  a5 fc a5 e9 fe 90 b2 8a a2 97 e0 99 f3 9a 88 c9  ................
    0030  bb c9 94 aa da 93 81 e2 af f9 93 8e d1 9e 9d b8  ................
    0040  a5 b4 96 8f 9d c8 87 ec c6 97 8a 88 9c c5 cd ae  ................
    0050  96 8d 89                                         ...
18:37:21.841  RTR  #5 PROXY_HANDLER subtype 1281 is not implemented
18:37:22.715  TCP  #1 IRC:6667 <- 28 bytes
    0000  00 1a 63 66 7a 5c bd 99 2d 5b 38 5d 8c be 15 88  ..cfz\..-[8]....
    0010  48 81 a9 90 36 ee c9 58 d2 e2 15 00              H...6..X....
18:37:22.715  IRC  #1 IRC Senyaak left #LobbyGrp1.1
18:37:22.716  TCP  #6 Lobby:40040 <- 14 bytes
    0000  00 00 0e 00 d1 42 fa 8b bf b2 fe cd d7 8f        .....B........
18:37:22.716  RTR  #6 GROUP_LEAVE 1
18:37:22.716  TCP  #6 Lobby:40040 -> 20 bytes
    0000  00 00 14 00 d1 24 fa b3 fd e1 b9 d6 ca c8 8c 90  .....$..........
    0010  94 b7 a2 cb                                      ....
18:37:22.827  TCP  #1 IRC:6667 <- 28 bytes
    0000  00 1a 63 66 7a 5c bd 99 2d 5b 38 5d 8c be 15 88  ..cfz\..-[8]....
    0010  48 81 a9 90 36 ee c9 58 d2 e2 15 00              H...6..X....
18:37:22.828  IRC  #1 IRC Senyaak left #LobbyGrp1.1
18:37:23.922  TCP  #6 Lobby:40040 <- 22 bytes
    0000  00 00 16 00 d1 42 fa b8 fd 92 b8 d6 e2 ad 8c 90  .....B..........
    0010  a7 97 bc e0 a2 c5                                ......
18:37:23.922  RTR  #6 JOIN_LOBBY 3 ("1v1") — in, 0 game(s) listed
18:37:23.923  TCP  #6 Lobby:40040 -> 21 bytes
    0000  00 00 15 00 d1 24 fa b3 fd c9 b9 d6 91 95 8c a3  .....$..........
    0010  a7 ca bd e0 cb                                   .....
18:37:23.923  TCP  #6 Lobby:40040 -> 69 bytes
    0000  00 00 45 00 d1 24 fa b8 fd a0 e4 ac a4 9d bf d6  ..E..$..........
    0010  e2 cd ea 92 d8 b3 8c 90 95 aa d1 aa c1 ca bc a2  ................
    0020  e9 a1 99 b1 b8 be a6 99 93 db c3 b7 85 9f a8 ec  ................
    0030  a7 af b6 cf c1 9e 9e 96 dd b5 bb f0 99 9a d6 ad  ................
    0040  d6 88 cc 98 9b                                   .....
18:37:24.032  TCP  #1 IRC:6667 <- 28 bytes
    0000  00 1a 2f f2 ac a5 a8 ac cc 75 27 38 ad 4f 22 34  ../......u'8.O"4
    0010  35 56 63 da 64 e3 20 68 e1 cb 14 00              5Vc.d. h....
18:37:24.033  IRC  #1 IRC Senyaak joined :#LobbyGrp1.3
18:37:24.250  UDP  NATServer:40010 <- 127.0.0.1:1024, 548 bytes
    0000  9a 35 02 00 42 00 40 30 03 00 00 00 00 00 42 00  .5..B.@0......B.
    0010  dd 82 fa 8b ba e1 d2 a5 9c e4 bb fe 91 d9 a5 97  ................
    0020  d8 d2 d7 e3 c7 a2 c1 aa ed da 8f d1 a8 98 90 e2  ................
    0030  8d df db c6 92 99 f5 d3 84 f5 cb ab 95 e0 8f 8b  ................
    0040  f4 a6 c0 fc d0 d9 a1 99 94 e8 87 83 8e c3 34 00  ..............4.
    0050  2e 7c be b1 6d 02 00 80 5f 42 46 00 9b 91 a5 00  .|..m..._BF.....
    0060  fb fb fc 00 f5 f9 fe 00 2d 7c b9 b1 5a 03 00 80  ........-|..Z...
    0070  00 fd 50 0f 94 f8 b4 3b 80 b9 7e 0f c8 82 38 00  ..P....;..~...8.
    0080  20 7c a4 b1 98 04 00 80 d0 fc 50 0f b0 f8 b4 3b   |........P....;
    0090  50 84 d8 39 b1 c3 e0 00 27 7c a7 b1 5e 05 00 80  P..9....'|..^...
    00a0  e8 fc 50 0f b0 f8 b4 3b c0 86 d8 39 aa 74 37 00  ..P....;...9.t7.
    00b0  3a 7c a2 b1 77 06 00 80 f8 ba 7e 0f f8 ba 7e 0f  :|..w.....~...~.
    00c0  10 85 d8 39 f9 f7 fa 00 39 7c ad b1 7e 07 00 80  ...9....9|..~...
    00d0  88 fc 50 0f f8 ba 7e 0f 90 86 d8 39 4e 2f 46 00  ..P...~....9N/F.
    00e0  3c 7c a8 b1 b8 08 00 80 40 fc 50 0f 94 f8 b4 3b  <|......@.P....;
    00f0  e8 ba 7e 0f 6e 53 61 00 33 7c ab b1 f9 09 00 80  ..~.nSa.3|......
    0100  70 fc 50 0f b0 f8 b4 3b 20 84 d8 39 51 62 86 00  p.P....; ..9Qb..
    0110  36 7c 96 b1 5a 0a 00 80 18 fd 50 0f b0 f8 b4 3b  6|..Z.....P....;
    0120  f0 86 d8 39 54 34 42 00 35 7c 91 b1 99 0b 00 80  ...9T4B.5|......
    0130  94 f8 b4 3b 94 f8 b4 3b 28 b7 7e 0f 69 87 b4 00  ...;...;(.~.i...
    0140  08 7c 9c b1 5e 0c 00 80 30 fd 50 0f b0 f8 b4 3b  .|..^...0.P....;
    0150  80 84 d8 39 a3 85 96 00 0f 7c 9f b1 63 0d 00 80  ...9.....|..c...
    0160  48 fd 50 0f b0 f8 b4 3b e0 84 d8 39 b6 c4 e0 00  H.P....;...9....
    0170  02 7c 9a b1 55 0e 00 80 60 fd 50 0f b0 f8 b4 3b  .|..U...`.P....;
    0180  a0 85 d8 39 a9 96 a7 00 01 7c 85 b1 63 0f 00 80  ...9.....|..c...
    0190  78 fd 50 0f b0 f8 b4 3b a0 88 d8 39 a5 9f ae 00  x.P....;...9....
    01a0  04 7c 80 b1 8b 10 00 80 f8 fb 50 0f b0 f8 b4 3b  .|........P....;
    01b0  40 85 d8 39 58 3a 34 00 1b 7c 83 b1 54 11 00 80  @..9X:4..|..T...
    01c0  10 fc 50 0f b0 f8 b4 3b f8 b9 7e 0f c1 b6 a2 00  ..P....;..~.....
    01d0  1e 7c 8e b1 4f 12 00 80 c0 fd 50 0f b0 f8 b4 3b  .|..O.....P....;
    01e0  20 87 d8 39 54 42 50 00 1d 7c 89 b1 82 13 00 80   ..9TBP..|......
    01f0  b0 f8 b4 3b b0 f8 b4 3b 50 87 d8 39 00 00 00 00  ...;...;P..9....
    0200  0b 00 00 0b 5d a0 3d 00 f8 21 6d 0f 08 ec 11 06  ....].=..!m.....
    0210  08 00 00 00 00 03 08 00 00 00 00 04 08 00 00 00  ................
    0220  00 05 08 00                                      ....
18:37:24.250  NAT  NAT ask, request 4 — answered 127.0.0.1 as u32 16777343, subtypes 1, 2, 3
18:37:24.250  UDP  NATServer:40010 -> 127.0.0.1:1024, 43 bytes
    0000  a6 cb 01 00 1f 00 44 30 0a 00 03 00 00 00 1f 00  ......D0........
    0010  dd 28 fa 8b ba a4 a3 bb fe a0 a5 af d7 e3 a2 e9  .(..............
    0020  af 8f a3 99 ad a0 a4 ab ac af fc                 ...........
18:37:24.250  UDP  NATServer:40010 -> 127.0.0.1:1024, 43 bytes
    0000  a9 ca 01 00 1f 00 44 30 0b 00 03 00 00 00 1f 00  ......D0........
    0010  dd 28 fa 8b ba a4 a3 b8 fe a0 a5 af d7 e3 a2 e9  .(..............
    0020  af 8f a3 99 ad a0 a4 ab ac af fc                 ...........
18:37:24.250  UDP  NATServer:40010 -> 127.0.0.1:1024, 43 bytes
    0000  a8 c9 01 00 1f 00 44 30 0c 00 03 00 00 00 1f 00  ......D0........
    0010  dd 28 fa 8b ba a4 a3 b9 fe a0 a5 af d7 e3 a2 e9  .(..............
    0020  af 8f a3 99 ad a0 a4 ab ac af fc                 ...........
18:37:24.359  UDP  NATServer:40010 <- 127.0.0.1:1024, 12 bytes
    0000  af cf 02 00 00 00 44 30 ff ff 0a 00              ......D0....
18:37:24.360  NAT  ACK — nothing to answer
18:37:24.360  UDP  NATServer:40010 <- 127.0.0.1:1024, 12 bytes
    0000  ae cf 02 00 00 00 44 30 ff ff 0b 00              ......D0....
18:37:24.360  NAT  ACK — nothing to answer
18:37:24.360  UDP  NATServer:40010 <- 127.0.0.1:1024, 12 bytes
    0000  ad cf 02 00 00 00 44 30 ff ff 0c 00              ......D0....
18:37:24.360  NAT  ACK — nothing to answer
18:37:24.580  UDP  NATServer:40010 <- 127.0.0.1:8888, 4 bytes
    0000  01 00 00 7f                                      ....
18:37:24.581  NAT  ping, 4 bytes echoed
18:37:24.581  UDP  NATServer:40010 -> 127.0.0.1:8888, 4 bytes
    0000  01 00 00 7f                                      ....
18:37:24.801  TCP  #6 Lobby:40040 <- 19 bytes
    0000  00 00 13 00 d1 42 fa 8b bd aa b3 fe a2 c8 d7 e3  .....B..........
    0010  94 8f a7                                         ...
18:37:24.801  RTR  #6 GROUP_INFO_GET for 3
18:37:24.801  TCP  #6 Lobby:40040 -> 23 bytes
    0000  00 00 17 00 d1 24 fa b3 fd e1 97 b9 d6 ca a6 8c  .....$..........
    0010  90 e6 b6 94 c4 a0 c5                             .......
18:37:24.801  TCP  #5 ProxyLauncher:40031 <- 83 bytes
    0000  00 00 53 00 cc 8b fa b9 8e c9 e4 cf 9d 94 b5 bb  ..S.............
    0010  bc 91 cd d9 9a 9f 87 e6 b4 a3 95 d3 90 c9 c0 bc  ................
    0020  a5 fc a5 e9 fe 90 b2 8a a2 97 e0 99 f3 9a 88 c9  ................
    0030  bb c9 94 ab da 93 81 e2 af f9 93 8e d1 9e 9d b8  ................
    0040  a5 b4 96 8f 9d c8 87 ec c6 97 8a 88 9c c5 cd ae  ................
    0050  96 8d 89                                         ...
18:37:24.801  RTR  #5 PROXY_HANDLER subtype 1281 is not implemented
18:37:25.804  TCP  #1 IRC:6667 <- 28 bytes
    0000  00 1a 63 66 7a 5c bd 99 2d 5b 38 5d 8c be 15 88  ..cfz\..-[8]....
    0010  48 81 47 cc 7f 1a 88 88 7b 4f 15 00              H.G.....{O..
18:37:25.804  IRC  #1 IRC Senyaak left #LobbyGrp1.3
18:37:25.902  TCP  #6 Lobby:40040 <- 14 bytes
    0000  00 00 0e 00 d1 42 fa 8b bd b2 fe cd d7 8f        .....B........
18:37:25.902  RTR  #6 GROUP_LEAVE 3
18:37:25.902  TCP  #6 Lobby:40040 -> 20 bytes
    0000  00 00 14 00 d1 24 fa b3 fd e1 b9 d6 ca c8 8c 90  .....$..........
    0010  94 b7 a0 cb                                      ....
18:37:26.015  TCP  #1 IRC:6667 <- 28 bytes
    0000  00 1a 63 66 7a 5c bd 99 2d 5b 38 5d 8c be 15 88  ..cfz\..-[8]....
    0010  48 81 47 cc 7f 1a 88 88 7b 4f 15 00              H.G.....{O..
18:37:26.016  IRC  #1 IRC Senyaak left #LobbyGrp1.3
18:37:26.998  TCP  #6 Lobby:40040 <- 22 bytes
    0000  00 00 16 00 d1 42 fa b8 fd 92 b8 d6 e2 ad 8c 90  .....B..........
    0010  a7 97 be e0 a2 c5                                ......
18:37:26.999  RTR  #6 JOIN_LOBBY 1 ("Casual") — in, 1 game(s) listed
18:37:26.999  TCP  #6 Lobby:40040 -> 21 bytes
    0000  00 00 15 00 d1 24 fa b3 fd c9 b9 d6 91 95 8c a3  .....$..........
    0010  a5 ca bd e0 cb                                   .....
18:37:26.999  TCP  #6 Lobby:40040 -> 749 bytes
    0000  00 02 ed 00 d1 24 fa b8 fd a0 e4 ee a4 9c c6 cc  .....$..........
    0010  ca 07 88 c4 73 73 13 33 b9 5a 5a ee 9c e6 a8 e7  ....ss.3.ZZ.....
    0020  06 1e bf d6 e2 cd fd 92 d8 b4 be fe 60 83 83 ff  ............`...
    0030  36 7f 50 ba 59 6a 84 9b 9c b8 e7 01 1d 56 8c 90  6.P.Yj.......V..
    0040  95 d8 d1 aa c0 8d bb 04 80 ef 95 3c 4c 31 bb 58  ...........<L1.X
    0050  5f e2 9b c0 a5 f5 00 1c 4c 51 be a2 e9 a1 99 b2  _.......LQ......
    0060  cf 9c 61 99 df 9c 39 5b 09 4b 57 68 82 91 d4 a3  ..a...9[.KWh....
    0070  e6 ff 1b 42 4e 19 a6 99 cc db c2 bb 9d 02 b1 9e  ...BN...........
    0080  9d 34 52 1e 40 56 2b e0 96 c9 a6 e3 fe 1a 57 51  .4R.@V+.......WQ
    0090  26 f4 a8 fe a7 b0 ba 98 51 bb ec 82 33 4e 1c 41  &.......Q...3N.A
    00a0  55 6e 80 68 ce b8 e2 f5 19 15 60 45 e2 d6 eb 97  Un.h......`E....
    00b0  9e b9 c4 01 8e da 94 33 5e 4b 40 54 5c 06 69 c2  .......3^K@T\.i.
    00c0  bf e1 ff 18 35 4b 1a ef ec c4 d6 dd b8 f3 7a fc  ....5K........z.
    00d0  99 9c 30 52 1d 3b 53 6c 7e 6a dd e5 e2 e3 17 33  ..0R.;Sl~j.....3
    00e0  4d 18 ae fd d1 c6 ad d5 b1 1e 4f e9 ab 3a 6a 13  M.........O..:j.
    00f0  0b 52 46 13 6b c5 a7 d7 ec 16 32 4d 06 f4 d9 c9  .RF.k.....2M....
    0100  cd de b6 c1 6c 5a d8 84 58 18 1e 3c 71 26 7c 9b  ....lZ..X..<q&|.
    0110  df a0 df f9 15 31 4c 2b 0c b8 cb c0 d9 8c f8 1c  .....1L+........
    0120  3b d7 f6 55 2e 4a 3c 52 62 1e 9f c6 bb fd f8 14  ;..U.J<Rb.......
    0130  3d 4b 4a 1b be c9 c3 d8 80 ff b8 f8 d7 c4 40 27  =KJ...........@'
    0140  11 3b 6b 64 7a 91 dc ec cf f7 13 27 4a e6 29 e7  .;kdz......'J.).
    0150  f3 c2 d7 9b fe 12 57 96 87 4b 27 15 3a 4a 61 2a  ......W..K'.:Ja*
    0160  92 e5 b1 f2 f6 32 2a 41 61 5c f1 c7 c1 d6 ca f5  .....2*Aa\......
    0170  05 20 e4 f3 51 72 12 3d b2 64 78 84 88 a1 b9 fd  . ..Qr.=.dx.....
    0180  08 2d 4a e4 08 e7 cb c1 dd 9d fa 0e 1f 2f c2 47  .-J........../.G
    0190  22 1d 30 b3 61 57 8e d5 d2 aa e1 10 2c 53 7e 1f  ".0.aW......,S~.
    01a0  fc c6 b7 d7 8b fb 04 1e 26 01 49 2a 1c 33 b4 60  ........&.I*.3.`
    01b0  56 8f d5 91 bd f3 0d 2b 44 60 15 f8 cf bd d3 82  V......+D`......
    01c0  fa 0c 1d 0b 15 4e 25 1a 1d b5 5f 61 86 c5 c9 93  .....N%..._a....
    01d0  f2 16 2b 21 5f 0d ff bf bd d2 8c f9 0b 14 2c 3b  ..+!_.........,;
    01e0  49 50 1b 37 41 5e 74 8b ee cf a6 f1 0d 21 21 5e  IP.7A^t......!!^
    01f0  25 ff 86 be d1 87 f8 0a 16 2b 38 48 55 61 34 4b  %........+8HUa4K
    0200  5d 53 88 8d de b4 f2 0f 2b 2f 5c 59 f6 8c b9 d0  ]S......+/\Y....
    0210  8b ff 09 1a 2a 11 47 54 65 36 b8 5c 76 80 d5 ee  ....*.GTe6.\v...
    0220  99 e7 0b 73 20 54 07 ae c3 68 c7 c3 f3 00 19 29  ...s T...h.....)
    0230  38 46 53 5f 6a 5b 31 88 a2 99 a5 fa 0b 3d 20 45  8FS_j[1......= E
    0240  11 ee c2 9a cc 9b 87 05 18 20 37 4d 52 5c 58 74  ......... 7MR\Xt
    0250  8f e7 cb b6 ed 01 25 2e d7 0a ef f6 b8 61 95 91  ......%......a..
    0260  0a 17 02 36 47 59 5d 1b 86 91 d2 90 ec 1f 26 5a  ...6GY].......&Z
    0270  b3 13 f2 c2 b5 ca 90 97 0d 1e 26 35 43 55 5c 67  ..........&5CU\g
    0280  9d da ff eb 07 39 61 a9 1d a7 d3 94 cb b2 9e 04  .....9a.........
    0290  19 27 3c 42 4f 5b 54 c0 e7 eb 06 22 58 a1 00 ef  .'<BO[T...."X...
    02a0  fa b5 cf bb 9e 01 14 00 14 41 4e 5a 16 32 bc e9  .........ANZ.2..
    02b0  05 21 4a 5e 06 e6 da 95 c9 ed 98 05 11 23 32 40  .!J^.........#2@
    02c0  4d 59 64 33 e8 09 20 5a 48 1a f2 ed c7 c8 df 8a  MYd3.. ZH.......
    02d0  01 19 20 31 37 4c 58 54 36 0b 1f 49 54 01 a8 fd  .. 17LXT6..IT...
    02e0  de c7 ef 8d 00 11 2f 30 3c 43 5f 11 31           ....../0<C_.1
18:37:27.111  TCP  #1 IRC:6667 <- 28 bytes
    0000  00 1a 2f f2 ac a5 a8 ac cc 75 27 38 ad 4f 22 34  ../......u'8.O"4
    0010  35 56 87 82 b1 24 be 46 8f c1 14 00              5V...$.F....
18:37:27.111  IRC  #1 IRC Senyaak joined :#LobbyGrp1.1
18:37:27.329  UDP  NATServer:40010 <- 127.0.0.1:1024, 548 bytes
    0000  43 fe 02 00 42 00 40 30 04 00 00 02 00 00 42 00  C...B.@0......B.
    0010  dd 82 fa 8b bb e1 d2 a5 9c e4 bb fe 91 d9 a5 97  ................
    0020  d8 d2 d7 e3 c7 a2 c1 aa ed da 8f d1 a8 98 90 e2  ................
    0030  8d df db c6 92 99 f5 d3 84 f5 cb ab 95 e0 8f 8b  ................
    0040  f4 a6 c0 fc d0 d9 a1 99 94 e8 87 83 8e c3 6b 00  ..............k.
    0050  08 00 09 02 00 0a 02 00 0b 02 00 0d 08 ff ff ff  ................
    0060  ff 0e 08 01 00 00 00 0f 78 02 74 2f 4d 61 70 73  ........x.t/Maps
    0070  2f 4d 75 6c 74 69 70 6c 61 79 65 72 2f 52 75 6c  /Multiplayer/Rul
    0080  65 73 20 54 65 73 74 2f 6d 61 70 2e 78 64 62 23  es Test/map.xdb#
    0090  78 70 6f 69 6e 74 65 72 28 2f 41 64 76 4d 61 70  xpointer(/AdvMap
    00a0  44 65 73 63 29 13 20 01 08 02 00 00 00 02 10 01  Desc). .........
    00b0  00 00 00 01 00 00 00 14 08 02 00 00 00 15 08 00  ................
    00c0  00 00 00 16 18 03 08 00 00 00 00 04 08 0d 00 00  ................
    00d0  00 17 08 01 00 03 00 18 02 00 19 20 00 00 00 00  ........... ....
    00e0  00 00 00 00 00 00 00 00 00 00 00 00 1a 02 00 1b  ................
    00f0  54 03 08 01 00 00 00 04 08 0d 00 00 00 01 20 61  T............. a
    0100  75 74 6f 73 61 76 65 5f 65 6e 61 62 6c 65 64 02  utosave_enabled.
    0110  14 02 08 00 00 00 00 03 04 30 00 1c 02 00 1d 08  .........0......
    0120  f6 f1 ea 8d 1e 08 01 00 00 00 1f 86 02 82 2f 4d  ............../M
    0130  61 70 73 2f 4d 75 6c 74 69 70 6c 61 79 65 72 2f  aps/Multiplayer/
    0140  52 75 6c 65 73 20 54 65 73 74 2f 6d 61 70 2d 74  Rules Test/map-t
    0150  61 67 2e 78 64 62 23 78 70 6f 69 6e 74 65 72 28  ag.xdb#xpointer(
    0160  2f 41 64 76 4d 61 70 44 65 73 63 54 61 67 29 20  /AdvMapDescTag) 
    0170  18 67 6f 61 6c 5f 64 65 66 61 75 6c 74 21 00 22  .goal_default!."
    0180  02 00 23 d2 02 02 00 03 08 01 00 00 00 04 08 00  ..#.............
    0190  00 00 00 05 00 06 ac 02 08 00 00 00 00 03 08 00  ................
    01a0  00 00 00 04 34 03 30 65 6d 70 74 79 20 6f 62 6a  ....4.0empty obj
    01b0  65 63 74 20 70 6c 61 63 65 68 6f 6c 64 65 72 05  ect placeholder.
    01c0  08 00 00 00 00 06 08 00 00 00 00 07 02 00 08 0c  ................
    01d0  02 08 00 00 00 00 09 00 0a 02 00 0b 02 00 0c 08  ................
    01e0  00 00 00 00 0d 08 00 00 00 00 0e 02 00 24 02 00  .............$..
    01f0  25 08 00 00 00 00 26 08 00 00 00 00 27 08 00 00  %.....&.....'...
    0200  00 00 28 02 00 29 3c 02 08 00 00 00 00 03 08 00  ..(..)<.........
    0210  00 00 00 04 08 00 00 00 00 05 08 00 00 00 00 06  ................
    0220  08 00 00 00                                      ....
18:37:27.329  NAT  NAT ask, request 5 — answered 127.0.0.1 as u32 16777343, subtypes 1, 2, 3
18:37:27.329  UDP  NATServer:40010 -> 127.0.0.1:1024, 43 bytes
    0000  a6 c6 01 00 1f 00 44 30 0d 00 04 00 00 00 1f 00  ......D0........
    0010  dd 28 fa 8b bb a4 a3 bb fe a0 a5 af d7 e3 a2 e9  .(..............
    0020  af 8f a3 99 ad a0 a4 ab ac af fc                 ...........
18:37:27.329  UDP  NATServer:40010 -> 127.0.0.1:1024, 43 bytes
    0000  a9 c5 01 00 1f 00 44 30 0e 00 04 00 00 00 1f 00  ......D0........
    0010  dd 28 fa 8b bb a4 a3 b8 fe a0 a5 af d7 e3 a2 e9  .(..............
    0020  af 8f a3 99 ad a0 a4 ab ac af fc                 ...........
18:37:27.329  UDP  NATServer:40010 -> 127.0.0.1:1024, 43 bytes
    0000  a8 c4 01 00 1f 00 44 30 0f 00 04 00 00 00 1f 00  ......D0........
    0010  dd 28 fa 8b bb a4 a3 b9 fe a0 a5 af d7 e3 a2 e9  .(..............
    0020  af 8f a3 99 ad a0 a4 ab ac af fc                 ...........
18:37:27.436  UDP  NATServer:40010 <- 127.0.0.1:1024, 12 bytes
    0000  ac cf 02 00 00 00 44 30 ff ff 0d 00              ......D0....
18:37:27.437  NAT  ACK — nothing to answer
18:37:27.437  UDP  NATServer:40010 <- 127.0.0.1:1024, 12 bytes
    0000  ab cf 02 00 00 00 44 30 ff ff 0e 00              ......D0....
18:37:27.437  NAT  ACK — nothing to answer
18:37:27.437  UDP  NATServer:40010 <- 127.0.0.1:1024, 12 bytes
    0000  aa cf 02 00 00 00 44 30 ff ff 0f 00              ......D0....
18:37:27.437  NAT  ACK — nothing to answer
18:37:27.662  UDP  NATServer:40010 <- 127.0.0.1:8888, 4 bytes
    0000  01 00 00 7f                                      ....
18:37:27.662  NAT  ping, 4 bytes echoed
18:37:27.662  UDP  NATServer:40010 -> 127.0.0.1:8888, 4 bytes
    0000  01 00 00 7f                                      ....
18:37:27.875  TCP  #6 Lobby:40040 <- 19 bytes
    0000  00 00 13 00 d1 42 fa 8b bf aa b3 fe a2 c8 d7 e3  .....B..........
    0010  94 8f a7                                         ...
18:37:27.875  RTR  #6 GROUP_INFO_GET for 1
18:37:27.875  TCP  #6 Lobby:40040 -> 23 bytes
    0000  00 00 17 00 d1 24 fa b3 fd e1 97 b9 d6 ca a6 8c  .....$..........
    0010  90 e6 b6 94 c4 a2 c5                             .......
18:37:27.875  TCP  #5 ProxyLauncher:40031 <- 83 bytes
    0000  00 00 53 00 cc 8b fa b9 8e c9 e4 cf 9d 94 b5 bb  ..S.............
    0010  bc 91 cd d9 9a 9f 85 e6 b4 a4 95 d3 90 c9 c0 bc  ................
    0020  a5 fc a5 e9 fe 90 b2 8a a2 97 e0 99 f3 9a 88 c9  ................
    0030  bb c9 94 ac da 93 81 e2 af f9 93 8e d1 9e 9d b8  ................
    0040  a5 b4 96 8f 9d c8 87 ec c6 97 8a 88 9c c5 cd ae  ................
    0050  96 8d 89                                         ...
18:37:27.875  RTR  #5 PROXY_HANDLER subtype 1281 is not implemented
18:37:33.026  UDP  NATServer:40010 <- 127.0.0.1:8888, 4 bytes
    0000  01 00 00 7f                                      ....
18:37:33.026  NAT  ping, 4 bytes echoed
18:37:33.026  UDP  NATServer:40010 -> 127.0.0.1:8888, 4 bytes
    0000  01 00 00 7f                                      ....
18:37:37.096  UDP  NATServer:40010 <- 127.0.0.1:8888, 4 bytes
    0000  01 00 00 7f                                      ....
18:37:37.096  NAT  ping, 4 bytes echoed
18:37:37.096  UDP  NATServer:40010 -> 127.0.0.1:8888, 4 bytes
    0000  01 00 00 7f                                      ....
18:37:40.063  TCP  #3 RouterLauncher:40001 <- 6 bytes
    0000  00 00 06 00 3a 41                                ....:A
18:37:40.063  RTR  #3 STILLALIVE
18:37:41.252  TCP  #1 IRC:6667 <- 68 bytes
    0000  00 42 33 80 d4 05 0a b0 8f c8 00 69 ab fa 99 76  .B3........i...v
    0010  06 b5 b9 11 0d 1b 74 b3 d6 59 38 b5 9e e9 4f 88  ......t..Y8...O.
    0020  6e b0 01 76 00 fb 97 b3 27 58 f3 a3 84 71 d9 b3  n..v....'X...q..
    0030  18 51 26 d1 9b 29 21 cf 98 e6 84 c7 65 c8 0c 8a  .Q&..)!.....e...
    0040  1c 44 3d 00                                      .D=.
18:37:41.253  IRC  #1 IRC Senyaak -> #LobbyGrp1.1: Senyaak%16777215%9%0%0%Arial%ÐµÑÑÐµ
18:37:44.067  TCP  #1 IRC:6667 <- 28 bytes
    0000  00 1a 63 66 7a 5c bd 99 2d 5b 38 5d 8c be 15 88  ..cfz\..-[8]....
    0010  48 81 a9 90 36 ee c9 58 d2 e2 15 00              H...6..X....
18:37:44.068  IRC  #1 IRC Senyaak left #LobbyGrp1.1
18:37:44.117  RTR  #3 Senyaak left — dropped "Сервер — Senyaak"
18:37:44.117  TCP  #3 RouterLauncher:40001 closed
18:37:44.118  TCP  #1 IRC:6667 error: read ECONNRESET
18:37:44.118  UDP  NATServer:40010 <- 127.0.0.1:1024, 12 bytes
    0000  dc 95 02 00 00 00 49 30 ff ff d8 39              ......I0...9
18:37:44.118  NAT  FIN+URG — connection dropped
18:37:44.118  UDP  NATServer:40010 <- 127.0.0.1:1024, 12 bytes
    0000  dc 95 02 00 00 00 49 30 ff ff d8 39              ......I0...9
18:37:44.118  NAT  FIN+URG — connection dropped
18:37:44.118  UDP  NATServer:40010 <- 127.0.0.1:1024, 12 bytes
    0000  dc 95 02 00 00 00 49 30 ff ff d8 39              ......I0...9
18:37:44.118  NAT  FIN+URG — connection dropped
18:37:44.118  UDP  NATServer:40010 <- 127.0.0.1:1024, 12 bytes
    0000  dc 95 02 00 00 00 49 30 ff ff d8 39              ......I0...9
18:37:44.118  NAT  FIN+URG — connection dropped
18:37:44.118  UDP  NATServer:40010 <- 127.0.0.1:1024, 12 bytes
    0000  dc 95 02 00 00 00 49 30 ff ff d8 39              ......I0...9
18:37:44.118  NAT  FIN+URG — connection dropped
18:37:44.118  UDP  NATServer:40010 <- 127.0.0.1:1024, 12 bytes
    0000  dc 95 02 00 00 00 49 30 ff ff d8 39              ......I0...9
18:37:44.118  NAT  FIN+URG — connection dropped
18:37:44.119  TCP  #5 ProxyLauncher:40031 closed
18:37:44.119  TCP  #6 Lobby:40040 closed
18:37:44.119  TCP  #1 IRC:6667 closed
